Component: ARM Compiler 5.06 update 7 (build 960) Tool: armlink [4d3601]

==============================================================================

Section Cross References

    startup_tm4c123.o(RESET) refers to startup_tm4c123.o(STACK) for __initial_sp
    startup_tm4c123.o(RESET) refers to startup_tm4c123.o(.text) for Reset_Handler
    startup_tm4c123.o(RESET) refers to port.o(.emb_text) for SVC_Handler
    startup_tm4c123.o(RESET) refers to drv_bsp.o(i.SysTick_Handler) for SysTick_Handler
    startup_tm4c123.o(.text) refers to entry.o(.ARM.Collect$$$$00000000) for __main
    usb_serial_structs.o(.data) refers to ano_usb.o(i.ControlHandler) for ControlHandler
    usb_serial_structs.o(.data) refers to usbbuffer.o(i.USBBufferEventCallback) for USBBufferEventCallback
    usb_serial_structs.o(.data) refers to usb_serial_structs.o(.constdata) for g_ppui8StringDescriptors
    usb_serial_structs.o(.data) refers to ano_usb.o(i.RxHandler) for RxHandler
    usb_serial_structs.o(.data) refers to usbdcdc.o(i.USBDCDCPacketRead) for USBDCDCPacketRead
    usb_serial_structs.o(.data) refers to usbdcdc.o(i.USBDCDCRxPacketAvailable) for USBDCDCRxPacketAvailable
    usb_serial_structs.o(.data) refers to usb_serial_structs.o(.bss) for g_pui8USBRxBuffer
    usb_serial_structs.o(.data) refers to ano_usb.o(i.TxHandler) for TxHandler
    usb_serial_structs.o(.data) refers to usbdcdc.o(i.USBDCDCPacketWrite) for USBDCDCPacketWrite
    usb_serial_structs.o(.data) refers to usbdcdc.o(i.USBDCDCTxPacketAvailable) for USBDCDCTxPacketAvailable
    drv_bsp.o(i.Drv_BspInit) refers to ano_usb.o(i.AnoUsbCdcInit) for AnoUsbCdcInit
    drv_bsp.o(i.Drv_BspInit) refers to drv_paramter.o(i.Dvr_ParamterInit) for Dvr_ParamterInit
    drv_bsp.o(i.Drv_BspInit) refers to ano_fcdata.o(i.Para_Data_Init) for Para_Data_Init
    drv_bsp.o(i.Drv_BspInit) refers to drv_led.o(i.Dvr_LedInit) for Dvr_LedInit
    drv_bsp.o(i.Drv_BspInit) refers to ano_rc.o(i.Remote_Control_Init) for Remote_Control_Init
    drv_bsp.o(i.Drv_BspInit) refers to drv_spi.o(i.Drv_Spi0Init) for Drv_Spi0Init
    drv_bsp.o(i.Drv_BspInit) refers to drv_bsp.o(i.Drv_SenserCsPinInit) for Drv_SenserCsPinInit
    drv_bsp.o(i.Drv_BspInit) refers to drv_icm20602.o(i.Drv_Icm20602Init) for Drv_Icm20602Init
    drv_bsp.o(i.Drv_BspInit) refers to drv_spl06.o(i.Drv_Spl0601Init) for Drv_Spl0601Init
    drv_bsp.o(i.Drv_BspInit) refers to drv_adc.o(i.Drv_AdcInit) for Drv_AdcInit
    drv_bsp.o(i.Drv_BspInit) refers to drv_bsp.o(i.SysTick_Init) for SysTick_Init
    drv_bsp.o(i.Drv_BspInit) refers to drv_uart.o(i.Drv_Uart1Init) for Drv_Uart1Init
    drv_bsp.o(i.Drv_BspInit) refers to drv_uart.o(i.Drv_Uart2Init) for Drv_Uart2Init
    drv_bsp.o(i.Drv_BspInit) refers to drv_uart.o(i.Drv_Uart3Init) for Drv_Uart3Init
    drv_bsp.o(i.Drv_BspInit) refers to drv_uart.o(i.Drv_Uart4Init) for Drv_Uart4Init
    drv_bsp.o(i.Drv_BspInit) refers to ano_sensor_basic.o(i.Sensor_Basic_Init) for Sensor_Basic_Init
    drv_bsp.o(i.Drv_BspInit) refers to ano_flightctrl.o(i.All_PID_Init) for All_PID_Init
    drv_bsp.o(i.Drv_BspInit) refers to drv_pwmout.o(i.Drv_PwmOutInit) for Drv_PwmOutInit
    drv_bsp.o(i.Drv_BspInit) refers to ano_fcdata.o(.bss) for sens_hd_check
    drv_bsp.o(i.Drv_SenserCsPinInit) refers to drv_icm20602.o(i.Drv_Icm20602CSPinInit) for Drv_Icm20602CSPinInit
    drv_bsp.o(i.Drv_SenserCsPinInit) refers to drv_ak8975.o(i.Drv_AK8975CSPinInit) for Drv_AK8975CSPinInit
    drv_bsp.o(i.Drv_SenserCsPinInit) refers to drv_spl06.o(i.Drv_SPL06CSPinInit) for Drv_SPL06CSPinInit
    drv_bsp.o(i.SysTick_Handler) refers to tasks.o(i.xTaskGetSchedulerState) for xTaskGetSchedulerState
    drv_bsp.o(i.SysTick_Handler) refers to port.o(i.xPortSysTickHandler) for xPortSysTickHandler
    drv_adc.o(i.ADC0Handler) refers to dfltui.o(.text) for __aeabi_ui2d
    drv_adc.o(i.ADC0Handler) refers to dmul.o(.text) for __aeabi_dmul
    drv_adc.o(i.ADC0Handler) refers to ddiv.o(.text) for __aeabi_ddiv
    drv_adc.o(i.ADC0Handler) refers to d2f.o(.text) for __aeabi_d2f
    drv_adc.o(i.ADC0Handler) refers to drv_adc.o(.data) for Voltage
    drv_adc.o(i.Drv_AdcInit) refers to adc.o(i.ADCIntRegister) for ADCIntRegister
    drv_adc.o(i.Drv_AdcInit) refers to drv_adc.o(i.ADC0Handler) for ADC0Handler
    drv_led.o(i.Dvr_LedInit) refers to drv_led.o(i.Drv_LedOnOff) for Drv_LedOnOff
    drv_paramter.o(i.Dvr_ParamterRead) refers to ano_parameter.o(.bss) for Ano_Parame
    drv_paramter.o(i.Dvr_ParamterSave) refers to ano_parameter.o(.bss) for Ano_Parame
    drv_rcin.o(i.Drv_PpmInit) refers to timer.o(i.TimerIntRegister) for TimerIntRegister
    drv_rcin.o(i.Drv_PpmInit) refers to drv_rcin.o(i.PPM_Decode) for PPM_Decode
    drv_rcin.o(i.Drv_SbusInit) refers to sysctl.o(i.SysCtlClockGet) for SysCtlClockGet
    drv_rcin.o(i.Drv_SbusInit) refers to uart.o(i.UARTIntRegister) for UARTIntRegister
    drv_rcin.o(i.Drv_SbusInit) refers to drv_rcin.o(i.Sbus_IRQHandler) for Sbus_IRQHandler
[...]
    g_sRxBuffer                              0x20000060   Data          56  usb_serial_structs.o(.data)
    g_sTxBuffer                              0x20000098   Data          56  usb_serial_structs.o(.data)
    of_init_type                             0x200000d0   Data           1  drv_bsp.o(.data)
    Voltage                                  0x200000d4   Data           4  drv_adc.o(.data)
    sbus_flag                                0x200000d8   Data           1  drv_rcin.o(.data)
    U1TxInCnt                                0x200000ea   Data           1  drv_uart.o(.data)
    U1TxOutCnt                               0x200000eb   Data           1  drv_uart.o(.data)
    U2TxInCnt                                0x200000ec   Data           1  drv_uart.o(.data)
    U2TxOutCnt                               0x200000ed   Data           1  drv_uart.o(.data)
    U3TxInCnt                                0x200000ee   Data           1  drv_uart.o(.data)
    U3TxOutCnt                               0x200000ef   Data           1  drv_uart.o(.data)
    U4TxInCnt                                0x200000f0   Data           1  drv_uart.o(.data)
    U4TxOutCnt                               0x200000f1   Data           1  drv_uart.o(.data)
    U5TxInCnt                                0x200000f2   Data           1  drv_uart.o(.data)
    U5TxOutCnt                               0x200000f3   Data           1  drv_uart.o(.data)
    openMV_res                               0x200000f4   Data           1  drv_uart.o(.data)
    baro_Offset                              0x20000100   Data           4  drv_spl06.o(.data)
    alt_3                                    0x20000104   Data           4  drv_spl06.o(.data)
    height                                   0x20000108   Data           4  drv_spl06.o(.data)
    baro_start                               0x2000010c   Data           1  drv_spl06.o(.data)
    temperature                              0x20000110   Data           4  drv_spl06.o(.data)
    alt_high                                 0x20000114   Data           4  drv_spl06.o(.data)
    baro_pressure                            0x20000118   Data           4  drv_spl06.o(.data)
    temperature_err                          0x2000011c   Data           4  drv_heating.o(.data)
    temperature_err_i                        0x20000120   Data           4  drv_heating.o(.data)
    temperature_diff                         0x20000124   Data           4  drv_heating.o(.data)
    temperature_ctrl_val                     0x20000128   Data           4  drv_heating.o(.data)
    LASER_LINKOK                             0x20000130   Data           1  drv_laser.o(.data)
    Laser_height_cm                          0x20000132   Data           2  drv_laser.o(.data)
    ultra_start_f                            0x20000134   Data           1  drv_laser.o(.data)
    ultra_time                               0x20000135   Data           1  drv_laser.o(.data)
    ultra_ok                                 0x20000136   Data           1  drv_laser.o(.data)
    last_hei                                 0x20000138   Data           2  drv_laser.o(.data)
    dlt_hei                                  0x2000013c   Data           4  drv_laser.o(.data)
    ultra                                    0x20000140   Data           8  drv_laser.o(.data)
    OF_STATE                                 0x2000014c   Data           1  ano_of.o(.data)
    OF_QUALITY                               0x2000014d   Data           1  ano_of.o(.data)
    OF_DX                                    0x2000014e   Data           1  ano_of.o(.data)
    OF_DY                                    0x2000014f   Data           1  ano_of.o(.data)
    OF_DX2                                   0x20000150   Data           2  ano_of.o(.data)
    OF_DY2                                   0x20000152   Data           2  ano_of.o(.data)
    OF_DX2FIX                                0x20000154   Data           2  ano_of.o(.data)
    OF_DY2FIX                                0x20000156   Data           2  ano_of.o(.data)
    OF_ALT                                   0x20000158   Data           4  ano_of.o(.data)
    OF_ALT2                                  0x2000015c   Data           4  ano_of.o(.data)
    OF_GYR_X                                 0x20000160   Data           2  ano_of.o(.data)
    OF_GYR_Y                                 0x20000162   Data           2  ano_of.o(.data)
    OF_GYR_Z                                 0x20000164   Data           2  ano_of.o(.data)
    OF_GYR_X2                                0x20000166   Data           2  ano_of.o(.data)
    OF_GYR_Y2                                0x20000168   Data           2  ano_of.o(.data)
    OF_GYR_Z2                                0x2000016a   Data           2  ano_of.o(.data)
    OF_ACC_X                                 0x2000016c   Data           2  ano_of.o(.data)
    OF_ACC_Y                                 0x2000016e   Data           2  ano_of.o(.data)
    OF_ACC_Z                                 0x20000170   Data           2  ano_of.o(.data)
    OF_ACC_X2                                0x20000172   Data           2  ano_of.o(.data)
    OF_ACC_Y2                                0x20000174   Data           2  ano_of.o(.data)
    OF_ACC_Z2                                0x20000176   Data           2  ano_of.o(.data)
    OF_ATT_ROL                               0x20000178   Data           4  ano_of.o(.data)
    OF_ATT_PIT                               0x2000017c   Data           4  ano_of.o(.data)
    OF_ATT_YAW                               0x20000180   Data           4  ano_of.o(.data)
    OF_ATT_S1                                0x20000184   Data           4  ano_of.o(.data)
    OF_ATT_S2                                0x20000188   Data           4  ano_of.o(.data)
    OF_ATT_S3                                0x2000018c   Data           4  ano_of.o(.data)
    OF_ATT_S4                                0x20000190   Data           4  ano_of.o(.data)
    g_nlt_tagframe0                          0x200001a8   Data         148  nlink_linktrack_tagframe0.o(.data)
    of_init_cnt                              0x2000023c   Data           1  drv_up_flow.o(.data)
    of_buf_update_cnt                        0x2000023d   Data           1  drv_up_flow.o(.data)
    para_sta                                 0x20000240   Data           4  ano_parameter.o(.data)
    mydot                                    0x20000244   Data           4  ano_flyctrl.o(.data)
    plant_map                                0x20000248   Data         116  ano_flyctrl.o(.data)
    onekey                                   0x200002bc   Data           4  ano_flyctrl.o(.data)
    checkdata_to_send                        0x2000030e   Data           1  ano_dt.o(.data)
    checksum_to_send                         0x2000030f   Data           1  ano_dt.o(.data)
    flash_save_en_cnt                        0x20000314   Data           2  ano_dt.o(.data)
    chn_en_bit                               0x20000331   Data           1  ano_rc.o(.data)
    signal_intensity                         0x20000332   Data           2  ano_rc.o(.data)
    unlock_f                                 0x20000334   Data           2  ano_rc.o(.data)
    stick_fun_0                              0x20000336   Data           1  ano_rc.o(.data)
    unlock_time                              0x20000338   Data           2  ano_rc.o(.data)
    test_si_cnt                              0x2000033c   Data           2  ano_rc.o(.data)
    cali_gyro                                0x2000033e   Data           2  ano_rc.o(.data)
    cali_acc                                 0x20000340   Data           2  ano_rc.o(.data)
    cali_surface                             0x20000342   Data           2  ano_rc.o(.data)
    cali_mag                                 0x20000344   Data           4  ano_rc.o(.data)
    stick_fun_1                              0x20000348   Data           1  ano_rc.o(.data)
    stick_fun_2                              0x20000349   Data           1  ano_rc.o(.data)
    stick_fun_3                              0x2000034a   Data           1  ano_rc.o(.data)
    stick_fun_4                              0x2000034b   Data           1  ano_rc.o(.data)
    stick_fun_5_magcali                      0x2000034c   Data           1  ano_rc.o(.data)
    led_accuracy                             0x20000354   Data           2  ano_led.o(.data)
    LED_Brightness                           0x20000358   Data          16  ano_led.o(.data)
    g_ui32Flags                              0x20000384   Data           4  ano_usb.o(.data)
    g_pcStatus                               0x20000388   Data           4  ano_usb.o(.data)
    of_buf_update_flag                       0x20000390   Data           1  ano_of_decofusion.o(.data)
    of_rot_d_degs                            0x20000394   Data           8  ano_of_decofusion.o(.data)
    of_fus_err                               0x2000039c   Data           8  ano_of_decofusion.o(.data)
    of_fus_err_i                             0x200003a4   Data           8  ano_of_decofusion.o(.data)
    switchs                                  0x200003c0   Data           8  ano_fcdata.o(.data)
    imu_data                                 0x200003c8   Data         232  ano_imu.o(.data)
    imu_state                                0x200004e4   Data          24  ano_imu.o(.data)
    acc_z_auto                               0x2000051c   Data           8  ano_sensor_basic.o(.data)
    acc_sum_cnt                              0x20000524   Data           2  ano_sensor_basic.o(.data)
    gyro_sum_cnt                             0x20000526   Data           2  ano_sensor_basic.o(.data)
    acc_z_auto_cnt                           0x20000528   Data           2  ano_sensor_basic.o(.data)
    g_old                                    0x2000052a   Data           6  ano_sensor_basic.o(.data)
    g_d_sum                                  0x20000530   Data          12  ano_sensor_basic.o(.data)
    roll_gz_comp                             0x2000053c   Data           2  ano_sensor_basic.o(.data)
    wh_matrix                                0x20000540   Data          36  ano_sensor_basic.o(.data)
    ref_height_old                           0x20000568   Data           4  ano_motioncal.o(.data)
    ref_speed_old                            0x2000056c   Data           4  ano_motioncal.o(.data)
    wcz_ref_height                           0x20000570   Data           4  ano_motioncal.o(.data)
    wcz_ref_speed                            0x20000574   Data           4  ano_motioncal.o(.data)
    wcz_ref_acc                              0x20000578   Data           4  ano_motioncal.o(.data)
    flying_cnt                               0x200005a6   Data           2  ano_flightctrl.o(.data)
    landing_cnt                              0x200005a8   Data           2  ano_flightctrl.o(.data)
    stop_baro_hpf                            0x200005ac   Data           4  ano_flightctrl.o(.data)
    jsdata                                   0x200005bc   Data           6  ano_flightctrl.o(.data)
    speed_mode_old                           0x200005c2   Data           1  ano_flightctrl.o(.data)
    flight_mode_old                          0x200005c3   Data           1  ano_flightctrl.o(.data)
    baro_height                              0x200005d8   Data           4  ano_flightdatacal.o(.data)
    baro_h_offset                            0x200005dc   Data           4  ano_flightdatacal.o(.data)
    ref_height_get_1                         0x200005e0   Data           4  ano_flightdatacal.o(.data)
    ref_height_get_2                         0x200005e4   Data           4  ano_flightdatacal.o(.data)
    ref_height_used                          0x200005e8   Data           4  ano_flightdatacal.o(.data)
    baro2tof_offset                          0x200005ec   Data           4  ano_flightdatacal.o(.data)
    tof2baro_offset                          0x200005f0   Data           4  ano_flightdatacal.o(.data)
    baro_fix1                                0x200005f4   Data           4  ano_flightdatacal.o(.data)
    baro_fix2                                0x200005f8   Data           4  ano_flightdatacal.o(.data)
    baro_fix                                 0x200005fc   Data           4  ano_flightdatacal.o(.data)
    wcz_acc_use                              0x20000604   Data           4  ano_flightdatacal.o(.data)
    ref_tof_height                           0x20000608   Data           2  ano_flightdatacal.o(.data)
    vel_fb_d_lpf                             0x20000618   Data           8  ano_locctrl.o(.data)
    vel_fb_h                                 0x20000620   Data           8  ano_locctrl.o(.data)
    vel_fb_w                                 0x20000628   Data           8  ano_locctrl.o(.data)
    vel_fb_fix_w                             0x20000630   Data           8  ano_locctrl.o(.data)
    mag                                      0x20000644   Data           8  ano_magprocess.o(.data)
    motor                                    0x20000658   Data           8  ano_motorctrl.o(.data)
    motor_step                               0x20000660   Data           8  ano_motorctrl.o(.data)
    IDLING                                   0x2000066a   Data           2  ano_motorctrl.o(.data)
    Plane_Votage                             0x2000066c   Data           4  ano_power.o(.data)
    pxCurrentTCB                             0x20000678   Data           4  tasks.o(.data)
    g_pui8CDCSerDeviceDescriptor             0x200006ee   Data          18  usbdcdc.o(.data)
    g_pui8CDCSerDescriptor                   0x20000700   Data           9  usbdcdc.o(.data)
    g_pui8IADSerDescriptor                   0x20000709   Data           8  usbdcdc.o(.data)
    g_psCDCSerSections                       0x20000714   Data          12  usbdcdc.o(.data)
    g_psCDCSerSectionsHS                     0x20000720   Data          12  usbdcdc.o(.data)
    g_psCDCCompSerSections                   0x2000072c   Data          16  usbdcdc.o(.data)
    g_psCDCCompSerSectionsHS                 0x2000073c   Data          16  usbdcdc.o(.data)
    g_iUSBMode                               0x2000074c   Data           1  usbmode.o(.data)
    g_eOTGModeState                          0x2000074e   Data           1  usbmode.o(.data)
    g_ui32WaitTicks                          0x20000750   Data           4  usbmode.o(.data)
    g_ui32PollRate                           0x20000754   Data           4  usbmode.o(.data)
    g_ppsDevInfo                             0x20000768   Data           4  usbdenum.o(.data)
    g_bUSBTimerInitialized                   0x2000076c   Data           1  usbtick.o(.data)
    g_ui32CurrentUSBTick                     0x20000770   Data           4  usbtick.o(.data)
    g_ui32USBSOFCount                        0x20000774   Data           4  usbtick.o(.data)
    __stdout                                 0x20000778   Data           4  stdout.o(.data)
    g_pui8USBRxBuffer                        0x20000a6c   Data         256  usb_serial_structs.o(.bss)
    g_pui8USBTxBuffer                        0x20000b6c   Data         256  usb_serial_structs.o(.bss)
    RC_PPM                                   0x20000c6c   Data          32  drv_rcin.o(.bss)
    Rc_Sbus_In                               0x20000c8c   Data          32  drv_rcin.o(.bss)
    U1TxDataTemp                             0x20000cc8   Data         256  drv_uart.o(.bss)
    U1rxring                                 0x20000dc8   Data          20  drv_uart.o(.bss)
    UART1Buffer                              0x20000ddc   Data         640  drv_uart.o(.bss)
    U2TxDataTemp                             0x2000105c   Data         256  drv_uart.o(.bss)
    U3TxDataTemp                             0x2000115c   Data         256  drv_uart.o(.bss)
    U4TxDataTemp                             0x2000125c   Data         256  drv_uart.o(.bss)
    U5TxDataTemp                             0x2000135c   Data         256  drv_uart.o(.bss)
    mpu_buffer                               0x2000145c   Data          14  drv_icm20602.o(.bss)
    temperature_fb                           0x20001498   Data          12  drv_heating.o(.bss)
    OF_DATA                                  0x200017d6   Data          14  drv_up_flow.o(.bss)
    Ano_Parame                               0x200017f2   Data        2048  ano_parameter.o(.bss)
    program_ctrl                             0x20001ff4   Data          84  ano_flyctrl.o(.bss)
    ParValList                               0x20002048   Data         400  ano_dt.o(.bss)
    f                                        0x200021d8   Data          22  ano_dt.o(.bss)
    data_to_send                             0x200021ee   Data          50  ano_dt.o(.bss)
    CH_N                                     0x20002360   Data          16  ano_rc.o(.bss)
    LED_STA                                  0x20002370   Data          15  ano_led.o(.bss)
    pc_user                                  0x20002380   Data          32  ano_programctrl_user.o(.bss)
    of_data                                  0x200023a0   Data          10  ano_of_decofusion.o(.bss)
    of_rdf                                   0x200023ac   Data          72  ano_of_decofusion.o(.bss)
    save                                     0x200023f4   Data          64  ano_fcdata.o(.bss)
    flag                                     0x20002434   Data          30  ano_fcdata.o(.bss)
    fc_stv                                   0x20002454   Data          16  ano_fcdata.o(.bss)
    sens_hd_check                            0x20002464   Data           9  ano_fcdata.o(.bss)
    att_matrix                               0x20002470   Data          36  ano_imu.o(.bss)
    imu_test                                 0x200024b8   Data          12  ano_imu.o(.bss)
    center_pos                               0x200024c4   Data          60  ano_sensor_basic.o(.bss)
    sensor                                   0x20002500   Data          80  ano_sensor_basic.o(.bss)
    sensor_val                               0x20002550   Data          24  ano_sensor_basic.o(.bss)
    sensor_val_rot                           0x20002568   Data          24  ano_sensor_basic.o(.bss)
    sensor_val_ref                           0x20002580   Data          24  ano_sensor_basic.o(.bss)
    sum_temp                                 0x20002598   Data          28  ano_sensor_basic.o(.bss)
    acc_auto_sum_temp                        0x200025b4   Data          12  ano_sensor_basic.o(.bss)
    wcz_acc_fus                              0x20002638   Data          28  ano_motioncal.o(.bss)
    wcz_spe_fus                              0x20002654   Data          24  ano_motioncal.o(.bss)
    wcz_hei_fus                              0x2000266c   Data          24  ano_motioncal.o(.bss)
    alt_arg_2                                0x20002684   Data          24  ano_altctrl.o(.bss)
    alt_val_2                                0x2000269c   Data          40  ano_altctrl.o(.bss)
    alt_arg_1                                0x200026c4   Data          24  ano_altctrl.o(.bss)
    alt_val_1                                0x200026dc   Data          40  ano_altctrl.o(.bss)
    arg_2                                    0x20002704   Data          72  ano_attctrl.o(.bss)
    arg_1                                    0x2000274c   Data          72  ano_attctrl.o(.bss)
    val_2                                    0x20002794   Data         120  ano_attctrl.o(.bss)
    val_1                                    0x2000280c   Data         120  ano_attctrl.o(.bss)
    att_2l_ct                                0x20002884   Data          36  ano_attctrl.o(.bss)
    att_1l_ct                                0x200028a8   Data          28  ano_attctrl.o(.bss)
    rolling_flag                             0x200028d4   Data          24  ano_attctrl.o(.bss)
    fs                                       0x200028ec   Data          52  ano_flightctrl.o(.bss)
    loc_arg_1                                0x20002920   Data          48  ano_locctrl.o(.bss)
    loc_val_1                                0x20002950   Data          80  ano_locctrl.o(.bss)
    loc_arg_1_fix                            0x200029a0   Data          48  ano_locctrl.o(.bss)
    loc_val_1_fix                            0x200029d0   Data          80  ano_locctrl.o(.bss)
    loc_ctrl_1                               0x20002a20   Data          36  ano_locctrl.o(.bss)
    loc_ctrl_2                               0x20002a44   Data          36  ano_locctrl.o(.bss)
    mc                                       0x20002a68   Data          16  ano_motorctrl.o(.bss)
    xQueueRegistry                           0x20002a78   Data          64  queue.o(.bss)
    g_psDCDInst                              0x20005be8   Data          80  usbdenum.o(.bss)
    g_pfnTickHandlers                        0x20005c38   Data          24  usbtick.o(.bss)
    g_pvTickInstance                         0x20005c50   Data          24  usbtick.o(.bss)
    __initial_sp                             0x20007d78   Data           0  startup_tm4c123.o(STACK)



==============================================================================

Memory Map of the image

  Image Entry point : 0x00000365

  Load Region LR_1 (Base: 0x00000000, Size: 0x00011c40, Max: 0xffffffff, ABSOLUTE, COMPRESSED[0x00011350])

    Execution Region ER_RO (Exec base: 0x00000000, Load base: 0x00000000, Size: 0x000111d4, Max: 0xffffffff, ABSOLUTE)

    Exec Addr    Load Addr    Size         Type   Attr      Idx    E Section Name        Object

    0x00000000   0x00000000   0x0000026c   Data   RO            3    RESET               startup_tm4c123.o
    0x0000026c   0x0000026c   0x00000000   Code   RO         7574  * .ARM.Collect$$$$00000000  mc_w.l(entry.o)
    0x0000026c   0x0000026c   0x00000004   Code   RO         7866    .ARM.Collect$$$$00000001  mc_w.l(entry2.o)
    0x00000270   0x00000270   0x00000004   Code   RO         7869    .ARM.Collect$$$$00000004  mc_w.l(entry5.o)
    0x00000274   0x00000274   0x00000000   Code   RO         7871    .ARM.Collect$$$$00000008  mc_w.l(entry7b.o)
    0x00000274   0x00000274   0x00000000   Code   RO         7873    .ARM.Collect$$$$0000000A  mc_w.l(entry8b.o)
    0x00000274   0x00000274   0x00000008   Code   RO         7874    .ARM.Collect$$$$0000000B  mc_w.l(entry9a.o)
    0x0000027c   0x0000027c   0x00000004   Code   RO         7881    .ARM.Collect$$$$0000000E  mc_w.l(entry12b.o)
    0x00000280   0x00000280   0x00000000   Code   RO         7876    .ARM.Collect$$$$0000000F  mc_w.l(entry10a.o)
    0x00000280   0x00000280   0x00000000   Code   RO         7878    .ARM.Collect$$$$00000011  mc_w.l(entry11a.o)
    0x00000280   0x00000280   0x00000004   Code   RO         7867    .ARM.Collect$$$$00002712  mc_w.l(entry2.o)
    0x00000284   0x00000284   0x000000b6   Code   RO         3979    .emb_text           port.o
    0x0000033a   0x0000033a   0x00000002   PAD
    0x0000033c   0x0000033c   0x00000026   Code   RO         6312    .emb_text           driverlib.lib(cpu.o)
    0x00000362   0x00000362   0x00000002   PAD
    0x00000364   0x00000364   0x000000f4   Code   RO            4  * .text               startup_tm4c123.o
    0x00000458   0x00000458   0x00000024   Code   RO         7577    .text               mc_w.l(memcpya.o)
    0x0000047c   0x0000047c   0x00000024   Code   RO         7579    .text               mc_w.l(memseta.o)
    0x000004a0   0x000004a0   0x000000e4   Code   RO         7850    .text               mf_w.l(dmul.o)
    0x00000584   0x00000584   0x000000de   Code   RO         7852    .text               mf_w.l(ddiv.o)
    0x00000662   0x00000662   0x00000022   Code   RO         7854    .text               mf_w.l(dflti.o)
    0x00000684   0x00000684   0x0000001a   Code   RO         7856    .text               mf_w.l(dfltui.o)
    0x0000069e   0x0000069e   0x00000038   Code   RO         7864    .text               mf_w.l(d2f.o)
    0x000006d6   0x000006d6   0x0000002c   Code   RO         7883    .text               mc_w.l(uidiv.o)
    0x00000702   0x00000702   0x0000001e   Code   RO         7887    .text               mc_w.l(llshl.o)
    0x00000720   0x00000720   0x00000000   Code   RO         7891    .text               mc_w.l(iusefp.o)
    0x00000720   0x00000720   0x0000006e   Code   RO         7892    .text               mf_w.l(fepilogue.o)
    0x0000078e   0x0000078e   0x000000ba   Code   RO         7894    .text               mf_w.l(depilogue.o)
    0x00000848   0x00000848   0x00000024   Code   RO         7898    .text               mc_w.l(init.o)
    0x0000086c   0x0000086c   0x00000020   Code   RO         7900    .text               mc_w.l(llushr.o)
    0x0000088c   0x0000088c   0x00000056   Code   RO         7910    .text               mc_w.l(__dczerorl2.o)
    0x000008e2   0x000008e2   0x00000002   PAD
    0x000008e4   0x000008e4   0x00000094   Code   RO          263    i.ADC0Handler       drv_adc.o
    0x00000978   0x00000978   0x00000068   Code   RO         4122    i.ADCIntRegister    driverlib.lib(adc.o)
    0x000009e0   0x000009e0   0x0000043c   Code   RO         1587    i.ANO_DT_Data_Exchange  ano_dt.o
    0x00000e1c   0x00000e1c   0x00000174   Code   RO         1588    i.ANO_DT_Data_Receive_Anl  ano_dt.o
    0x00000f90   0x00000f90   0x00000074   Code   RO         1589    i.ANO_DT_Data_Receive_Anl_Task  ano_dt.o
    0x00001004   0x00001004   0x000000f4   Code   RO         1590    i.ANO_DT_Data_Receive_Prepare  ano_dt.o
    0x000010f8   0x000010f8   0x000000ec   Code   RO         1591    i.ANO_DT_Data_Receive_Prepare_USB  ano_dt.o
    0x000011e4   0x000011e4   0x0000002c   Code   RO         1592    i.ANO_DT_GetParame  ano_dt.o
    0x00001210   0x00001210   0x00000490   Code   RO         1593    i.ANO_DT_ParListToParUsed  ano_dt.o
    0x000016a0   0x000016a0   0x000004d4   Code   RO         1594    i.ANO_DT_ParUsedToParList  ano_dt.o
    0x00001b74   0x00001b74   0x000000f4   Code   RO         1595    i.ANO_DT_SendCmd    ano_dt.o
    0x00001c68   0x00001c68   0x000000ec   Code   RO         1598    i.ANO_DT_SendParame  ano_dt.o
    0x00001d54   0x00001d54   0x000000a4   Code   RO         1599    i.ANO_DT_SendSensorSta  ano_dt.o
    0x00001df8   0x00001df8   0x0000008c   Code   RO         1601    i.ANO_DT_SendString  ano_dt.o
    0x00001e84   0x00001e84   0x00000010   Code   RO         1602    i.ANO_DT_Send_Data  ano_dt.o
    0x00001e94   0x00001e94   0x00000138   Code   RO         1604    i.ANO_DT_Send_MotoPWM  ano_dt.o
    0x00001fcc   0x00001fcc   0x00000098   Code   RO         1605    i.ANO_DT_Send_Power  ano_dt.o
    0x00002064   0x00002064   0x00000170   Code   RO         1606    i.ANO_DT_Send_RCData  ano_dt.o
    0x000021d4   0x000021d4   0x00000188   Code   RO         1607    i.ANO_DT_Send_Senser  ano_dt.o
    0x0000235c   0x0000235c   0x000000e4   Code   RO         1608    i.ANO_DT_Send_Senser2  ano_dt.o
    0x00002440   0x00002440   0x00000108   Code   RO         1609    i.ANO_DT_Send_Speed  ano_dt.o
    0x00002548   0x00002548   0x00000164   Code   RO         1610    i.ANO_DT_Send_Status  ano_dt.o
    0x000026ac   0x000026ac   0x00000118   Code   RO         1611    i.ANO_DT_Send_User  ano_dt.o
    0x000027c4   0x000027c4   0x00000070   Code   RO         1612    i.ANO_DT_Send_VER   ano_dt.o
    0x00002834   0x00002834   0x000000d4   Code   RO         1613    i.ANO_DT_Send_Version  ano_dt.o
    0x00002908   0x00002908   0x000000d4   Code   RO         2062    i.ANO_OF_Data_Get   ano_of_decofusion.o
    0x000029dc   0x000029dc   0x00000048   Code   RO         2063    i.ANO_OF_Data_Prepare_Task  ano_of_decofusion.o
    0x00002a24   0x00002a24   0x00000018   Code   RO         2804    i.All_PID_Init      ano_flightctrl.o
    0x00002a3c   0x00002a3c   0x000001cc   Code   RO         2653    i.Alt_1level_Ctrl   ano_altctrl.o
    0x00002c08   0x00002c08   0x0000003c   Code   RO         2654    i.Alt_1level_PID_Init  ano_altctrl.o
    0x00002c44   0x00002c44   0x000001f8   Code   RO         2655    i.Alt_2level_Ctrl   ano_altctrl.o
    0x00002e3c   0x00002e3c   0x0000003c   Code   RO         2656    i.Alt_2level_PID_Init  ano_altctrl.o
    0x00002e78   0x00002e78   0x00000070   Code   RO         1086    i.AnoOF_Check       ano_of.o
    0x00002ee8   0x00002ee8   0x0000018c   Code   RO         1087    i.AnoOF_DataAnl     ano_of.o
    0x00003074   0x00003074   0x000000e0   Code   RO         1088    i.AnoOF_GetOneByte  ano_of.o
    0x00003154   0x00003154   0x0000007c   Code   RO         1927    i.AnoUsbCdcInit     ano_usb.o
    0x000031d0   0x000031d0   0x00000028   Code   RO         1928    i.AnoUsbCdcRead     ano_usb.o
    0x000031f8   0x000031f8   0x00000020   Code   RO         1929    i.AnoUsbCdcSend     ano_usb.o
    0x00003218   0x00003218   0x00000024   Code   RO         1457    i.Ano_Parame_Read   ano_parameter.o
    0x0000323c   0x0000323c   0x0000001c   Code   RO         1458    i.Ano_Parame_Write  ano_parameter.o
    0x00003258   0x00003258   0x00000084   Code   RO         1459    i.Ano_Parame_Write_task  ano_parameter.o
    0x000032dc   0x000032dc   0x00000268   Code   RO         2735    i.Att_1level_Ctrl   ano_attctrl.o
    0x00003544   0x00003544   0x000000a4   Code   RO         2736    i.Att_1level_PID_Init  ano_attctrl.o
    0x000035e8   0x000035e8   0x000005e0   Code   RO         2737    i.Att_2level_Ctrl   ano_attctrl.o
    0x00003bc8   0x00003bc8   0x00000084   Code   RO         2738    i.Att_2level_PID_Init  ano_attctrl.o
    0x00003c4c   0x00003c4c   0x000001f0   Code   RO         2657    i.Auto_Take_Off_Land_Task  ano_altctrl.o
    0x00003e3c   0x00003e3c   0x000000ee   Code   RO         5991    i.CDCTickHandler    usblib.lib(usbdcdc.o)
    0x00003f2a   0x00003f2a   0x00000002   PAD
    0x00003f2c   0x00003f2c   0x00000024   Code   RO         2505    i.Center_Pos_Set    ano_sensor_basic.o
    0x00003f50   0x00003f50   0x0000009c   Code   RO         1930    i.ControlHandler    ano_usb.o
    0x00003fec   0x00003fec   0x00000040   Code   RO         7147    i.DMAUSBIntHandler  usblib.lib(usbdma.o)
    0x0000402c   0x0000402c   0x0000000e   Code   RO         7148    i.DMAUSBIntStatusClear  usblib.lib(usbdma.o)
    0x0000403a   0x0000403a   0x00000004   Code   RO         7149    i.DMAUSBStatus      usblib.lib(usbdma.o)
    0x0000403e   0x0000403e   0x00000002   PAD
    0x00004040   0x00004040   0x00000038   Code   RO          824    i.Drv_AK8975CSPinInit  drv_ak8975.o
    0x00004078   0x00004078   0x00000018   Code   RO          264    i.Drv_Adc0Trigger   drv_adc.o
    0x00004090   0x00004090   0x000000b8   Code   RO          265    i.Drv_AdcInit       drv_adc.o
    0x00004148   0x00004148   0x000000ec   Code   RO           59    i.Drv_BspInit       drv_bsp.o
    0x00004234   0x00004234   0x00000034   Code   RO          452    i.Drv_HeatSet       drv_pwmout.o
    0x00004268   0x00004268   0x00000010   Code   RO          987    i.Drv_HeatingSet    drv_heating.o
    0x00004278   0x00004278   0x00000038   Code   RO          749    i.Drv_Icm20602CSPinInit  drv_icm20602.o
    0x000042b0   0x000042b0   0x000000ec   Code   RO          750    i.Drv_Icm20602Init  drv_icm20602.o
    0x0000439c   0x0000439c   0x00000018   Code   RO          751    i.Drv_Icm20602_Read  drv_icm20602.o
    0x000043b4   0x000043b4   0x000000bc   Code   RO          319    i.Drv_LedOnOff      drv_led.o
    0x00004470   0x00004470   0x000000d8   Code   RO          453    i.Drv_MotorPWMSet   drv_pwmout.o
    0x00004548   0x00004548   0x000000dc   Code   RO          389    i.Drv_PpmInit       drv_rcin.o
    0x00004624   0x00004624   0x000002e0   Code   RO          454    i.Drv_PwmOutInit    drv_pwmout.o
    0x00004904   0x00004904   0x00000038   Code   RO          875    i.Drv_SPL06CSPinInit  drv_spl06.o
    0x0000493c   0x0000493c   0x000000b8   Code   RO          390    i.Drv_SbusInit      drv_rcin.o
    0x000049f4   0x000049f4   0x00000044   Code   RO           60    i.Drv_SenserCsPinInit  drv_bsp.o
    0x00004a38   0x00004a38   0x00000098   Code   RO          491    i.Drv_Spi0Init      drv_spi.o
    0x00004ad0   0x00004ad0   0x0000001e   Code   RO          492    i.Drv_Spi0Receive   drv_spi.o
    0x00004aee   0x00004aee   0x00000002   PAD
    0x00004af0   0x00004af0   0x00000040   Code   RO          493    i.Drv_Spi0SingleWirteAndRead  drv_spi.o
    0x00004b30   0x00004b30   0x00000058   Code   RO          876    i.Drv_Spl0601Init   drv_spl06.o
    0x00004b88   0x00004b88   0x000000e8   Code   RO          536    i.Drv_Uart1Init     drv_uart.o
    0x00004c70   0x00004c70   0x00000044   Code   RO          538    i.Drv_Uart1TxCheck  drv_uart.o
    0x00004cb4   0x00004cb4   0x000000d8   Code   RO          539    i.Drv_Uart2Init     drv_uart.o
    0x00004d8c   0x00004d8c   0x00000044   Code   RO          541    i.Drv_Uart2TxCheck  drv_uart.o
    0x00004dd0   0x00004dd0   0x000000d8   Code   RO          542    i.Drv_Uart3Init     drv_uart.o
    0x00004ea8   0x00004ea8   0x00000034   Code   RO          543    i.Drv_Uart3SendBuf  drv_uart.o
    0x00004edc   0x00004edc   0x00000044   Code   RO          544    i.Drv_Uart3TxCheck  drv_uart.o
    0x00004f20   0x00004f20   0x000000d8   Code   RO          545    i.Drv_Uart4Init     drv_uart.o
    0x00004ff8   0x00004ff8   0x00000044   Code   RO          547    i.Drv_Uart4TxCheck  drv_uart.o
    0x0000503c   0x0000503c   0x00000088   Code   RO          320    i.Dvr_LedInit       drv_led.o
    0x000050c4   0x000050c4   0x00000020   Code   RO          349    i.Dvr_ParamterInit  drv_paramter.o
    0x000050e4   0x000050e4   0x0000001c   Code   RO          350    i.Dvr_ParamterRead  drv_paramter.o
    0x00005100   0x00005100   0x0000001c   Code   RO          351    i.Dvr_ParamterSave  drv_paramter.o
    0x0000511c   0x0000511c   0x000000cc   Code   RO         2805    i.Flight_Mode_Set   ano_flightctrl.o
    0x000051e8   0x000051e8   0x000004d8   Code   RO         2806    i.Flight_State_Task  ano_flightctrl.o
    0x000056c0   0x000056c0   0x00000032   Code   RO         5992    i.HandleConfigChange  usblib.lib(usbdcdc.o)
    0x000056f2   0x000056f2   0x000000c2   Code   RO         5993    i.HandleDevice      usblib.lib(usbdcdc.o)
    0x000057b4   0x000057b4   0x00000022   Code   RO         5994    i.HandleDisconnect  usblib.lib(usbdcdc.o)
    0x000057d6   0x000057d6   0x0000009a   Code   RO         5995    i.HandleEP0Data     usblib.lib(usbdcdc.o)
    0x00005870   0x00005870   0x0000007e   Code   RO         5996    i.HandleEndpoints   usblib.lib(usbdcdc.o)
    0x000058ee   0x000058ee   0x00000176   Code   RO         5997    i.HandleRequests    usblib.lib(usbdcdc.o)
    0x00005a64   0x00005a64   0x0000000c   Code   RO         5998    i.HandleResume      usblib.lib(usbdcdc.o)
    0x00005a70   0x00005a70   0x0000000c   Code   RO         5999    i.HandleSuspend     usblib.lib(usbdcdc.o)
    0x00005a7c   0x00005a7c   0x000000e0   Code   RO          752    i.ICM_Get_Data      drv_icm20602.o
    0x00005b5c   0x00005b5c   0x000000a8   Code   RO         2890    i.IMU_Update_Task   ano_flightdatacal.o
    0x00005c04   0x00005c04   0x000009a0   Code   RO         2450    i.IMU_update        ano_imu.o
    0x000065a4   0x000065a4   0x00000064   Code   RO         6322    i.IntDisable        driverlib.lib(interrupt.o)
    0x00006608   0x00006608   0x00000064   Code   RO         6323    i.IntEnable         driverlib.lib(interrupt.o)
    0x0000666c   0x0000666c   0x00000060   Code   RO         6324    i.IntIsEnabled      driverlib.lib(interrupt.o)
    0x000066cc   0x000066cc   0x0000000e   Code   RO         6325    i.IntMasterDisable  driverlib.lib(interrupt.o)
    0x000066da   0x000066da   0x0000000e   Code   RO         6326    i.IntMasterEnable   driverlib.lib(interrupt.o)
    0x000066e8   0x000066e8   0x00000034   Code   RO         6335    i.IntRegister       driverlib.lib(interrupt.o)
    0x0000671c   0x0000671c   0x00000034   Code   RO         7010    i.InternalUSBRegisterTickHandler  usblib.lib(usbtick.o)
    0x00006750   0x00006750   0x00000038   Code   RO         7011    i.InternalUSBStartOfFrameTick  usblib.lib(usbtick.o)
    0x00006788   0x00006788   0x00000038   Code   RO         7012    i.InternalUSBTickInit  usblib.lib(usbtick.o)
    0x000067c0   0x000067c0   0x000000d4   Code   RO         1871    i.LED_1ms_DRV       ano_led.o
    0x00006894   0x00006894   0x00000308   Code   RO         1872    i.LED_Task2         ano_led.o
    0x00006b9c   0x00006b9c   0x0000065c   Code   RO         2949    i.Loc_1level_Ctrl   ano_locctrl.o
    0x000071f8   0x000071f8   0x00000184   Code   RO         2950    i.Loc_1level_PID_Init  ano_locctrl.o
    0x0000737c   0x0000737c   0x000001f8   Code   RO         2506    i.MPU6050_Data_Offset  ano_sensor_basic.o
    0x00007574   0x00007574   0x00000068   Code   RO         2986    i.Mag_Cal_Reset     ano_magprocess.o
    0x000075dc   0x000075dc   0x00000058   Code   RO         2987    i.Mag_Cal_XY        ano_magprocess.o
    0x00007634   0x00007634   0x00000048   Code   RO         2988    i.Mag_Cal_Z         ano_magprocess.o
    0x0000767c   0x0000767c   0x000003ec   Code   RO         2989    i.Mag_Data_Deal_Task  ano_magprocess.o
    0x00007a68   0x00007a68   0x00000058   Code   RO          826    i.Mag_Get           drv_ak8975.o
    0x00007ac0   0x00007ac0   0x0000003c   Code   RO         2891    i.Mag_Update_Task   ano_flightdatacal.o
    0x00007afc   0x00007afc   0x00000230   Code   RO         3031    i.Motor_Ctrl_Task   ano_motorctrl.o
    0x00007d2c   0x00007d2c   0x00000024   Code   RO           61    i.MyDelayMs         drv_bsp.o
    0x00007d50   0x00007d50   0x0000001e   Code   RO         1207    i.NLINK_ParseInt24  nlink_utils.o
    0x00007d6e   0x00007d6e   0x0000002a   Code   RO         1209    i.NLINK_VerifyCheckSum  nlink_utils.o
    0x00007d98   0x00007d98   0x00000158   Code   RO         2066    i.OF_INS_Get        ano_of_decofusion.o
    0x00007ef0   0x00007ef0   0x000001d8   Code   RO         1460    i.PID_Rest          ano_parameter.o
    0x000080c8   0x000080c8   0x00000120   Code   RO         2423    i.PID_calculate     ano_pid.o
    0x000081e8   0x000081e8   0x00000050   Code   RO          391    i.PPM_Cal           drv_rcin.o
    0x00008238   0x00008238   0x00000084   Code   RO          392    i.PPM_Decode        drv_rcin.o
    0x000082bc   0x000082bc   0x00000008   Code   RO         2132    i.Para_Data_Init    ano_fcdata.o
    0x000082c4   0x000082c4   0x0000005c   Code   RO         1461    i.Parame_Copy_Fc2para  ano_parameter.o
    0x00008320   0x00008320   0x00000060   Code   RO         1462    i.Parame_Copy_Para2fc  ano_parameter.o
    0x00008380   0x00008380   0x00000100   Code   RO         1463    i.Parame_Reset      ano_parameter.o
    0x00008480   0x00008480   0x000001dc   Code   RO         3066    i.Power_UpdateTask  ano_power.o
    0x0000865c   0x0000865c   0x00000086   Code   RO         6000    i.ProcessDataFromHost  usblib.lib(usbdcdc.o)
    0x000086e2   0x000086e2   0x00000002   PAD
    0x000086e4   0x000086e4   0x00000064   Code   RO         6001    i.ProcessDataToHost  usblib.lib(usbdcdc.o)
    0x00008748   0x00008748   0x00000030   Code   RO         2019    i.Program_Ctrl_User_Set_HXYcmps  ano_programctrl_user.o
    0x00008778   0x00008778   0x000001f0   Code   RO         1782    i.RC_duty_task      ano_rc.o
    0x00008968   0x00008968   0x00000028   Code   RO         1783    i.Remote_Control_Init  ano_rc.o
    0x00008990   0x00008990   0x0000000a   Code   RO          689    i.RingBuffer_GetCount  ring_buffer.o
    0x0000899a   0x0000899a   0x00000014   Code   RO          690    i.RingBuffer_Init   ring_buffer.o
    0x000089ae   0x000089ae   0x00000036   Code   RO          691    i.RingBuffer_Insert  ring_buffer.o
    0x000089e4   0x000089e4   0x00000012   Code   RO          693    i.RingBuffer_IsEmpty  ring_buffer.o
    0x000089f6   0x000089f6   0x00000018   Code   RO          694    i.RingBuffer_IsFull  ring_buffer.o
    0x00008a0e   0x00008a0e   0x000000b0   Code   RO          696    i.RingBuffer_PopMult  ring_buffer.o
    0x00008abe   0x00008abe   0x00000026   Code   RO         1931    i.RxHandler         ano_usb.o
    0x00008ae4   0x00008ae4   0x00000200   Code   RO          393    i.Sbus_Decode       drv_rcin.o
    0x00008ce4   0x00008ce4   0x00000050   Code   RO          394    i.Sbus_IRQHandler   drv_rcin.o
    0x00008d34   0x00008d34   0x000000a6   Code   RO         5895    i.ScheduleNextTransmission  usblib.lib(usbbuffer.o)
    0x00008dda   0x00008dda   0x00000044   Code   RO         6003    i.SendBreak         usblib.lib(usbdcdc.o)
    0x00008e1e   0x00008e1e   0x00000096   Code   RO         6004    i.SendSerialState   usblib.lib(usbdcdc.o)
    0x00008eb4   0x00008eb4   0x00000018   Code   RO         2507    i.Sensor_Basic_Init  ano_sensor_basic.o
    0x00008ecc   0x00008ecc   0x000003d4   Code   RO         2508    i.Sensor_Data_Prepare  ano_sensor_basic.o
    0x000092a0   0x000092a0   0x00000044   Code   RO         2739    i.Set_Att_1level_Ki  ano_attctrl.o
    0x000092e4   0x000092e4   0x00000030   Code   RO         2740    i.Set_Att_2level_Ki  ano_attctrl.o
    0x00009314   0x00009314   0x0000015c   Code   RO         2807    i.Swtich_State_Task  ano_flightctrl.o
    0x00009470   0x00009470   0x00000154   Code   RO         4386    i.SysCtlClockGet    driverlib.lib(sysctl.o)
    0x000095c4   0x000095c4   0x00000028   Code   RO         4417    i.SysCtlPeripheralEnable  driverlib.lib(sysctl.o)
    0x000095ec   0x000095ec   0x0000003c   Code   RO         4422    i.SysCtlPeripheralReset  driverlib.lib(sysctl.o)
    0x00009628   0x00009628   0x00000010   Code   RO         4434    i.SysCtlUSBPLLEnable  driverlib.lib(sysctl.o)
    0x00009638   0x00009638   0x00000010   Code   RO           62    i.SysTick_Handler   drv_bsp.o
    0x00009648   0x00009648   0x00000036   Code   RO           63    i.SysTick_Init      drv_bsp.o
    0x0000967e   0x0000967e   0x00000002   PAD
    0x00009680   0x00009680   0x000002d0   Code   RO          988    i.Thermostatic_Ctrl_Task  drv_heating.o
    0x00009950   0x00009950   0x00000068   Code   RO         4754    i.TimerIntRegister  driverlib.lib(timer.o)
    0x000099b8   0x000099b8   0x00000012   Code   RO         1932    i.TxHandler         ano_usb.o
    0x000099ca   0x000099ca   0x00000002   PAD
    0x000099cc   0x000099cc   0x00000078   Code   RO          551    i.UART1_IRQHandler  drv_uart.o
    0x00009a44   0x00009a44   0x00000058   Code   RO          552    i.UART2_IRQHandler  drv_uart.o
    0x00009a9c   0x00009a9c   0x00000050   Code   RO          553    i.UART3_IRQHandler  drv_uart.o
    0x00009aec   0x00009aec   0x00000064   Code   RO          554    i.UART4_IRQHandler  drv_uart.o
    0x00009b50   0x00009b50   0x00000058   Code   RO         5009    i.UARTIntRegister   driverlib.lib(uart.o)
    0x00009ba8   0x00009ba8   0x0000005a   Code   RO         7388    i.ULPIConfigSet     usblib.lib(usbulpi.o)
    0x00009c02   0x00009c02   0x00000002   PAD
    0x00009c04   0x00009c04   0x00000018   Code   RO         6195    i.USB0DeviceIntHandler  usblib.lib(usbdhandler.o)
    0x00009c1c   0x00009c1c   0x00000154   Code   RO         5900    i.USBBufferEventCallback  usblib.lib(usbbuffer.o)
    0x00009d70   0x00009d70   0x00000006   Code   RO         5901    i.USBBufferFlush    usblib.lib(usbbuffer.o)
    0x00009d76   0x00009d76   0x00000018   Code   RO         5903    i.USBBufferInit     usblib.lib(usbbuffer.o)
    0x00009d8e   0x00009d8e   0x00000028   Code   RO         5904    i.USBBufferRead     usblib.lib(usbbuffer.o)
    0x00009db6   0x00009db6   0x00000034   Code   RO         5906    i.USBBufferWrite    usblib.lib(usbbuffer.o)
    0x00009dea   0x00009dea   0x0000000a   Code   RO         5275    i.USBClockEnable    driverlib.lib(usb.o)
    0x00009df4   0x00009df4   0x0000000a   Code   RO         5276    i.USBControllerVersion  driverlib.lib(usb.o)
    0x00009dfe   0x00009dfe   0x00000002   PAD
    0x00009e00   0x00009e00   0x000000dc   Code   RO         6005    i.USBDCDCCompositeInit  usblib.lib(usbdcdc.o)
    0x00009edc   0x00009edc   0x0000004c   Code   RO         6006    i.USBDCDCInit       usblib.lib(usbdcdc.o)
    0x00009f28   0x00009f28   0x000000a4   Code   RO         6007    i.USBDCDCPacketRead  usblib.lib(usbdcdc.o)
    0x00009fcc   0x00009fcc   0x00000058   Code   RO         6008    i.USBDCDCPacketWrite  usblib.lib(usbdcdc.o)
    0x0000a024   0x0000a024   0x00000038   Code   RO         6011    i.USBDCDCRxPacketAvailable  usblib.lib(usbdcdc.o)
    0x0000a05c   0x0000a05c   0x00000014   Code   RO         6017    i.USBDCDCTxPacketAvailable  usblib.lib(usbdcdc.o)
    0x0000a070   0x0000a070   0x00000056   Code   RO         7051    i.USBDCDConfigDescGet  usblib.lib(usbdcdesc.o)
    0x0000a0c6   0x0000a0c6   0x00000036   Code   RO         7052    i.USBDCDConfigDescGetNum  usblib.lib(usbdcdesc.o)
    0x0000a0fc   0x0000a0fc   0x00000022   Code   RO         7053    i.USBDCDConfigDescGetSize  usblib.lib(usbdcdesc.o)
    0x0000a11e   0x0000a11e   0x000000bc   Code   RO         7054    i.USBDCDConfigGetInterface  usblib.lib(usbdcdesc.o)
    0x0000a1da   0x0000a1da   0x0000005e   Code   RO         7055    i.USBDCDConfigGetInterfaceEndpoint  usblib.lib(usbdcdesc.o)
    0x0000a238   0x0000a238   0x00000044   Code   RO         6432    i.USBDCDDeviceInfoInit  usblib.lib(usbdenum.o)
    0x0000a27c   0x0000a27c   0x00000018   Code   RO         6433    i.USBDCDFeatureGet  usblib.lib(usbdenum.o)
    0x0000a294   0x0000a294   0x000001a8   Code   RO         6435    i.USBDCDInit        usblib.lib(usbdenum.o)
    0x0000a43c   0x0000a43c   0x00000014   Code   RO         6439    i.USBDCDRequestDataEP0  usblib.lib(usbdenum.o)
    0x0000a450   0x0000a450   0x00000014   Code   RO         6440    i.USBDCDSendDataEP0  usblib.lib(usbdenum.o)
    0x0000a464   0x0000a464   0x0000001c   Code   RO         6442    i.USBDCDStallEP0    usblib.lib(usbdenum.o)
    0x0000a480   0x0000a480   0x000000a4   Code   RO         6444    i.USBDClearFeature  usblib.lib(usbdenum.o)
    0x0000a524   0x0000a524   0x00000074   Code   RO         6445    i.USBDEP0StateTx    usblib.lib(usbdenum.o)
    0x0000a598   0x0000a598   0x00000174   Code   RO         6446    i.USBDEP0StateTxConfig  usblib.lib(usbdenum.o)
    0x0000a70c   0x0000a70c   0x00000034   Code   RO         6447    i.USBDGetConfiguration  usblib.lib(usbdenum.o)
    0x0000a740   0x0000a740   0x00000170   Code   RO         6448    i.USBDGetDescriptor  usblib.lib(usbdenum.o)
    0x0000a8b0   0x0000a8b0   0x0000005c   Code   RO         6449    i.USBDGetInterface  usblib.lib(usbdenum.o)
    0x0000a90c   0x0000a90c   0x00000084   Code   RO         6450    i.USBDGetStatus     usblib.lib(usbdenum.o)
    0x0000a990   0x0000a990   0x0000000a   Code   RO         5278    i.USBDMAChannelAddressSet  driverlib.lib(usb.o)
    0x0000a99a   0x0000a99a   0x00000016   Code   RO         5279    i.USBDMAChannelConfigSet  driverlib.lib(usb.o)
    0x0000a9b0   0x0000a9b0   0x0000000a   Code   RO         5281    i.USBDMAChannelCountSet  driverlib.lib(usb.o)
    0x0000a9ba   0x0000a9ba   0x00000012   Code   RO         5282    i.USBDMAChannelDisable  driverlib.lib(usb.o)
    0x0000a9cc   0x0000a9cc   0x00000012   Code   RO         5283    i.USBDMAChannelEnable  driverlib.lib(usb.o)
    0x0000a9de   0x0000a9de   0x00000012   Code   RO         5284    i.USBDMAChannelIntDisable  driverlib.lib(usb.o)
    0x0000a9f0   0x0000a9f0   0x00000012   Code   RO         5285    i.USBDMAChannelIntEnable  driverlib.lib(usb.o)
    0x0000aa02   0x0000aa02   0x00000006   Code   RO         5286    i.USBDMAChannelIntStatus  driverlib.lib(usb.o)
    0x0000aa08   0x0000aa08   0x0000000e   Code   RO         5287    i.USBDMAChannelStatus  driverlib.lib(usb.o)
    0x0000aa16   0x0000aa16   0x00000002   PAD
    0x0000aa18   0x0000aa18   0x0000007c   Code   RO         6451    i.USBDReadAndDispatchRequest  usblib.lib(usbdenum.o)
    0x0000aa94   0x0000aa94   0x00000024   Code   RO         6452    i.USBDSetAddress    usblib.lib(usbdenum.o)
    0x0000aab8   0x0000aab8   0x000000a4   Code   RO         6453    i.USBDSetConfiguration  usblib.lib(usbdenum.o)
    0x0000ab5c   0x0000ab5c   0x00000028   Code   RO         6454    i.USBDSetDescriptor  usblib.lib(usbdenum.o)
    0x0000ab84   0x0000ab84   0x00000084   Code   RO         6455    i.USBDSetFeature    usblib.lib(usbdenum.o)
    0x0000ac08   0x0000ac08   0x000000bc   Code   RO         6456    i.USBDSetInterface  usblib.lib(usbdenum.o)
    0x0000acc4   0x0000acc4   0x00000028   Code   RO         6457    i.USBDSyncFrame     usblib.lib(usbdenum.o)
    0x0000acec   0x0000acec   0x00000036   Code   RO         7111    i.USBDescGet        usblib.lib(usbdesc.o)
    0x0000ad22   0x0000ad22   0x0000002e   Code   RO         7114    i.USBDescGetNum     usblib.lib(usbdesc.o)
    0x0000ad50   0x0000ad50   0x00000004   Code   RO         5291    i.USBDevAddrSet     driverlib.lib(usb.o)
    0x0000ad54   0x0000ad54   0x0000000a   Code   RO         5292    i.USBDevConnect     driverlib.lib(usb.o)
    0x0000ad5e   0x0000ad5e   0x0000000a   Code   RO         5293    i.USBDevDisconnect  driverlib.lib(usb.o)
    0x0000ad68   0x0000ad68   0x00000088   Code   RO         5295    i.USBDevEndpointConfigSet  driverlib.lib(usb.o)
    0x0000adf0   0x0000adf0   0x00000024   Code   RO         5296    i.USBDevEndpointDataAck  driverlib.lib(usb.o)
    0x0000ae14   0x0000ae14   0x00000034   Code   RO         5297    i.USBDevEndpointStall  driverlib.lib(usb.o)
    0x0000ae48   0x0000ae48   0x0000004a   Code   RO         5298    i.USBDevEndpointStallClear  driverlib.lib(usb.o)
    0x0000ae92   0x0000ae92   0x0000005e   Code   RO         5299    i.USBDevEndpointStatusClear  driverlib.lib(usb.o)
    0x0000aef0   0x0000aef0   0x00000006   Code   RO         5300    i.USBDevLPMConfig   driverlib.lib(usb.o)
    0x0000aef6   0x0000aef6   0x0000000e   Code   RO         5301    i.USBDevLPMDisable  driverlib.lib(usb.o)
    0x0000af04   0x0000af04   0x0000000e   Code   RO         5302    i.USBDevLPMEnable   driverlib.lib(usb.o)
    0x0000af12   0x0000af12   0x00000008   Code   RO         5304    i.USBDevMode        driverlib.lib(usb.o)
    0x0000af1a   0x0000af1a   0x00000002   PAD
    0x0000af1c   0x0000af1c   0x000001a0   Code   RO         7093    i.USBDeviceConfig   usblib.lib(usbdconfig.o)
    0x0000b0bc   0x0000b0bc   0x000000c8   Code   RO         7094    i.USBDeviceConfigAlternate  usblib.lib(usbdconfig.o)
    0x0000b184   0x0000b184   0x000000ec   Code   RO         6458    i.USBDeviceEnumHandler  usblib.lib(usbdenum.o)
    0x0000b270   0x0000b270   0x00000198   Code   RO         6460    i.USBDeviceIntHandlerInternal  usblib.lib(usbdenum.o)
    0x0000b408   0x0000b408   0x00000058   Code   RO         6461    i.USBDeviceResumeTickHandler  usblib.lib(usbdenum.o)
    0x0000b460   0x0000b460   0x0000001a   Code   RO         5306    i.USBEndpointDMAChannel  driverlib.lib(usb.o)
    0x0000b47a   0x0000b47a   0x00000056   Code   RO         5307    i.USBEndpointDMAConfigSet  driverlib.lib(usb.o)
    0x0000b4d0   0x0000b4d0   0x00000024   Code   RO         5308    i.USBEndpointDMADisable  driverlib.lib(usb.o)
    0x0000b4f4   0x0000b4f4   0x00000024   Code   RO         5309    i.USBEndpointDMAEnable  driverlib.lib(usb.o)
    0x0000b518   0x0000b518   0x0000001e   Code   RO         5310    i.USBEndpointDataAvail  driverlib.lib(usb.o)
    0x0000b536   0x0000b536   0x00000054   Code   RO         5311    i.USBEndpointDataGet  driverlib.lib(usb.o)
    0x0000b58a   0x0000b58a   0x0000003a   Code   RO         5312    i.USBEndpointDataPut  driverlib.lib(usb.o)
    0x0000b5c4   0x0000b5c4   0x00000030   Code   RO         5313    i.USBEndpointDataSend  driverlib.lib(usb.o)
    0x0000b5f4   0x0000b5f4   0x0000000c   Code   RO         5315    i.USBEndpointPacketCountSet  driverlib.lib(usb.o)
    0x0000b600   0x0000b600   0x00000010   Code   RO         5316    i.USBEndpointStatus  driverlib.lib(usb.o)
    0x0000b610   0x0000b610   0x00000008   Code   RO         5317    i.USBFIFOAddrGet    driverlib.lib(usb.o)
    0x0000b618   0x0000b618   0x00000040   Code   RO         5319    i.USBFIFOConfigSet  driverlib.lib(usb.o)
    0x0000b658   0x0000b658   0x00000012   Code   RO         5346    i.USBHostResume     driverlib.lib(usb.o)
    0x0000b66a   0x0000b66a   0x00000002   PAD
    0x0000b66c   0x0000b66c   0x0000002c   Code   RO         5351    i.USBIntEnableControl  driverlib.lib(usb.o)
    0x0000b698   0x0000b698   0x00000016   Code   RO         5352    i.USBIntEnableEndpoint  driverlib.lib(usb.o)
    0x0000b6ae   0x0000b6ae   0x00000002   PAD
    0x0000b6b0   0x0000b6b0   0x00000044   Code   RO         5353    i.USBIntRegister    driverlib.lib(usb.o)
    0x0000b6f4   0x0000b6f4   0x0000003c   Code   RO         5354    i.USBIntStatusControl  driverlib.lib(usb.o)
    0x0000b730   0x0000b730   0x0000000a   Code   RO         5355    i.USBIntStatusEndpoint  driverlib.lib(usb.o)
    0x0000b73a   0x0000b73a   0x0000000c   Code   RO         5359    i.USBLPMIntEnable   driverlib.lib(usb.o)
    0x0000b746   0x0000b746   0x00000006   Code   RO         5360    i.USBLPMIntStatus   driverlib.lib(usb.o)
    0x0000b74c   0x0000b74c   0x0000015c   Code   RO         7151    i.USBLibDMAInit     usblib.lib(usbdma.o)
    0x0000b8a8   0x0000b8a8   0x00000008   Code   RO         5366    i.USBOTGMode        driverlib.lib(usb.o)
    0x0000b8b0   0x0000b8b0   0x00000046   Code   RO         6914    i.USBRingBufAdvanceRead  usblib.lib(usbringbuf.o)
    0x0000b8f6   0x0000b8f6   0x00000054   Code   RO         6915    i.USBRingBufAdvanceWrite  usblib.lib(usbringbuf.o)
    0x0000b94a   0x0000b94a   0x0000001e   Code   RO         6916    i.USBRingBufContigFree  usblib.lib(usbringbuf.o)
    0x0000b968   0x0000b968   0x00000010   Code   RO         6917    i.USBRingBufContigUsed  usblib.lib(usbringbuf.o)
    0x0000b978   0x0000b978   0x0000001a   Code   RO         6919    i.USBRingBufFlush   usblib.lib(usbringbuf.o)
    0x0000b992   0x0000b992   0x00000016   Code   RO         6920    i.USBRingBufFree    usblib.lib(usbringbuf.o)
    0x0000b9a8   0x0000b9a8   0x0000000c   Code   RO         6922    i.USBRingBufInit    usblib.lib(usbringbuf.o)
    0x0000b9b4   0x0000b9b4   0x00000052   Code   RO         6923    i.USBRingBufRead    usblib.lib(usbringbuf.o)
    0x0000ba06   0x0000ba06   0x00000014   Code   RO         6926    i.USBRingBufUsed    usblib.lib(usbringbuf.o)
    0x0000ba1a   0x0000ba1a   0x00000050   Code   RO         6927    i.USBRingBufWrite   usblib.lib(usbringbuf.o)
    0x0000ba6a   0x0000ba6a   0x00000002   PAD
    0x0000ba6c   0x0000ba6c   0x0000001c   Code   RO         6218    i.USBStackModeSet   usblib.lib(usbmode.o)
    0x0000ba88   0x0000ba88   0x0000000e   Code   RO         5371    i.USBULPIDisable    driverlib.lib(usb.o)
    0x0000ba96   0x0000ba96   0x0000000e   Code   RO         5372    i.USBULPIEnable     driverlib.lib(usb.o)
    0x0000baa4   0x0000baa4   0x00000020   Code   RO         5373    i.USBULPIRegRead    driverlib.lib(usb.o)
    0x0000bac4   0x0000bac4   0x00000020   Code   RO         5374    i.USBULPIRegWrite   driverlib.lib(usb.o)
    0x0000bae4   0x0000bae4   0x00000230   Code   RO         1532    i.UWBTest_Task      ano_flyctrl.o
    0x0000bd14   0x0000bd14   0x0000004c   Code   RO         1129    i.UWB_Get_Data_Task  ano_uwb.o
    0x0000bd60   0x0000bd60   0x00000238   Code   RO         1183    i.UnpackData        nlink_linktrack_tagframe0.o
    0x0000bf98   0x0000bf98   0x00000030   Code   RO         2892    i.WCZ_Acc_Get_Task  ano_flightdatacal.o
    0x0000bfc8   0x0000bfc8   0x000001b4   Code   RO         2571    i.WCZ_Data_Calc     ano_motioncal.o
    0x0000c17c   0x0000c17c   0x00000058   Code   RO         2572    i.WCZ_Data_Reset    ano_motioncal.o
    0x0000c1d4   0x0000c1d4   0x00000200   Code   RO         2893    i.WCZ_Fus_Task      ano_flightdatacal.o
    0x0000c3d4   0x0000c3d4   0x00000020   Code   RO         7676    i.__0printf$3       mc_w.l(printf3.o)
    0x0000c3f4   0x0000c3f4   0x0000000e   Code   RO         7904    i.__scatterload_copy  mc_w.l(handlers.o)
    0x0000c402   0x0000c402   0x00000002   Code   RO         7905    i.__scatterload_null  mc_w.l(handlers.o)
    0x0000c404   0x0000c404   0x0000000e   Code   RO         7906    i.__scatterload_zeroinit  mc_w.l(handlers.o)
    0x0000c412   0x0000c412   0x00000002   PAD
    0x0000c414   0x0000c414   0x000001b8   Code   RO         7683    i._printf_core      mc_w.l(printf3.o)
    0x0000c5cc   0x0000c5cc   0x00000060   Code   RO         2451    i.a2w_3d_trans      ano_imu.o
    0x0000c62c   0x0000c62c   0x00000054   Code   RO         1284    i.basic_data_read   main.o
    0x0000c680   0x0000c680   0x00000074   Code   RO         1534    i.broadcasting_Task  ano_flyctrl.o
    0x0000c6f4   0x0000c6f4   0x0000012c   Code   RO         2452    i.calculate_RPY     ano_imu.o
    0x0000c820   0x0000c820   0x00000050   Code   RO         1784    i.ch_watch_dog      ano_rc.o
    0x0000c870   0x0000c870   0x00000024   Code   RO         1785    i.ch_watch_dog_feed  ano_rc.o
    0x0000c894   0x0000c894   0x00000024   Code   RO         2808    i.ctrl_parameter_change_task  ano_flightctrl.o
    0x0000c8b8   0x0000c8b8   0x00000020   Code   RO         2133    i.data_save         ano_fcdata.o
    0x0000c8d8   0x0000c8d8   0x00000058   Code   RO         1786    i.fail_safe         ano_rc.o
    0x0000c930   0x0000c930   0x000000c4   Code   RO         1787    i.fail_safe_check   ano_rc.o
    0x0000c9f4   0x0000c9f4   0x0000017c   Code   RO         2289    i.fast_atan2        ano_math.o
    0x0000cb70   0x0000cb70   0x00000080   Code   RO         2173    i.fix_inte_filter   ano_filter.o
    0x0000cbf0   0x0000cbf0   0x00000010   Code   RO         1933    i.fputc             ano_usb.o
    0x0000cc00   0x0000cc00   0x0000003e   Code   RO         2453    i.h2w_2d_trans      ano_imu.o
    0x0000cc3e   0x0000cc3e   0x00000002   PAD
    0x0000cc40   0x0000cc40   0x0000004c   Code   RO         1285    i.height_loop       main.o
    0x0000cc8c   0x0000cc8c   0x00000002   Code   RO         7153    i.iDMAUSBArbSizeSet  usblib.lib(usbdma.o)
    0x0000cc8e   0x0000cc8e   0x00000084   Code   RO         7154    i.iDMAUSBChannelAllocate  usblib.lib(usbdma.o)
    0x0000cd12   0x0000cd12   0x00000034   Code   RO         7155    i.iDMAUSBChannelDisable  usblib.lib(usbdma.o)
    0x0000cd46   0x0000cd46   0x00000052   Code   RO         7156    i.iDMAUSBChannelEnable  usblib.lib(usbdma.o)
    0x0000cd98   0x0000cd98   0x00000008   Code   RO         7157    i.iDMAUSBChannelIntDisable  usblib.lib(usbdma.o)
    0x0000cda0   0x0000cda0   0x00000008   Code   RO         7158    i.iDMAUSBChannelIntEnable  usblib.lib(usbdma.o)
    0x0000cda8   0x0000cda8   0x0000003e   Code   RO         7159    i.iDMAUSBChannelRelease  usblib.lib(usbdma.o)
    0x0000cde6   0x0000cde6   0x00000038   Code   RO         7160    i.iDMAUSBChannelStatus  usblib.lib(usbdma.o)
    0x0000ce1e   0x0000ce1e   0x00000006   Code   RO         7161    i.iDMAUSBIntStatus  usblib.lib(usbdma.o)
    0x0000ce24   0x0000ce24   0x000000f4   Code   RO         7162    i.iDMAUSBTransfer   usblib.lib(usbdma.o)
    0x0000cf18   0x0000cf18   0x00000002   Code   RO         7163    i.iDMAUSBUnitSizeSet  usblib.lib(usbdma.o)
    0x0000cf1a   0x0000cf1a   0x0000002e   Code   RO          753    i.icm20602_enable   drv_icm20602.o
    0x0000cf48   0x0000cf48   0x00000026   Code   RO          754    i.icm20602_readbuf  drv_icm20602.o
    0x0000cf6e   0x0000cf6e   0x00000024   Code   RO          756    i.icm20602_writebyte  drv_icm20602.o
    0x0000cf92   0x0000cf92   0x00000002   PAD
    0x0000cf94   0x0000cf94   0x00000028   Code   RO         1286    i.inner_loop        main.o
    0x0000cfbc   0x0000cfbc   0x0000008a   Code   RO         2174    i.inte_fix_filter   ano_filter.o
    0x0000d046   0x0000d046   0x00000002   PAD
    0x0000d048   0x0000d048   0x000000c8   Code   RO         2809    i.land_discriminat  ano_flightctrl.o
    0x0000d110   0x0000d110   0x00000154   Code   RO         1873    i.ledBreath         ano_led.o
    0x0000d264   0x0000d264   0x00000044   Code   RO         1874    i.ledFlash          ano_led.o
    0x0000d2a8   0x0000d2a8   0x00000040   Code   RO         1875    i.ledOnOff          ano_led.o
    0x0000d2e8   0x0000d2e8   0x00000090   Code   RO         2291    i.length_limit      ano_math.o
    0x0000d378   0x0000d378   0x00000124   Code   RO         1287    i.main              main.o
    0x0000d49c   0x0000d49c   0x00000128   Code   RO         2509    i.motionless_check  ano_sensor_basic.o
    0x0000d5c4   0x0000d5c4   0x000000f4   Code   RO         2510    i.mpu_auto_az       ano_sensor_basic.o
    0x0000d6b8   0x0000d6b8   0x0000001a   Code   RO         2294    i.my_abs            ano_math.o
    0x0000d6d2   0x0000d6d2   0x00000036   Code   RO         2297    i.my_deadzone       ano_math.o
    0x0000d708   0x0000d708   0x00000014   Code   RO         2300    i.my_sqrt           ano_math.o
    0x0000d71c   0x0000d71c   0x00000050   Code   RO         2301    i.my_sqrt_reciprocal  ano_math.o
    0x0000d76c   0x0000d76c   0x0000000c   Code   RO         2810    i.one_key_land      ano_flightctrl.o
    0x0000d778   0x0000d778   0x00000028   Code   RO         2811    i.one_key_take_off  ano_flightctrl.o
    0x0000d7a0   0x0000d7a0   0x0000004c   Code   RO         2812    i.one_key_take_off_task  ano_flightctrl.o
    0x0000d7ec   0x0000d7ec   0x0000002c   Code   RO         1288    i.outer_loop        main.o
    0x0000d818   0x0000d818   0x00000044   Code   RO         1289    i.position_loop     main.o
    0x0000d85c   0x0000d85c   0x00000098   Code   RO         3489    i.prvAddCurrentTaskToDelayedList  tasks.o
    0x0000d8f4   0x0000d8f4   0x000000b8   Code   RO         3490    i.prvAddNewTaskToReadyList  tasks.o
    0x0000d9ac   0x0000d9ac   0x00000064   Code   RO         3849    i.prvCheckForValidListAndQueue  timers.o
    0x0000da10   0x0000da10   0x00000064   Code   RO         3491    i.prvCheckTasksWaitingTermination  tasks.o
    0x0000da74   0x0000da74   0x0000002a   Code   RO         3253    i.prvCopyDataFromQueue  queue.o
    0x0000da9e   0x0000da9e   0x0000007c   Code   RO         3254    i.prvCopyDataToQueue  queue.o
    0x0000db1a   0x0000db1a   0x00000012   Code   RO         3492    i.prvDeleteTCB      tasks.o
    0x0000db2c   0x0000db2c   0x00000028   Code   RO         3850    i.prvGetNextExpireTime  timers.o
    0x0000db54   0x0000db54   0x0000007c   Code   RO         4056    i.prvHeapInit       heap_4.o
    0x0000dbd0   0x0000dbd0   0x00000028   Code   RO         3493    i.prvIdleTask       tasks.o
    0x0000dbf8   0x0000dbf8   0x0000002e   Code   RO         3256    i.prvInitialiseNewQueue  queue.o
    0x0000dc26   0x0000dc26   0x00000002   PAD
    0x0000dc28   0x0000dc28   0x000000d0   Code   RO         3494    i.prvInitialiseNewTask  tasks.o
    0x0000dcf8   0x0000dcf8   0x00000068   Code   RO         3495    i.prvInitialiseTaskLists  tasks.o
    0x0000dd60   0x0000dd60   0x00000068   Code   RO         4057    i.prvInsertBlockIntoFreeList  heap_4.o
    0x0000ddc8   0x0000ddc8   0x00000058   Code   RO         3852    i.prvInsertTimerInActiveList  timers.o
    0x0000de20   0x0000de20   0x0000001a   Code   RO         3257    i.prvIsQueueEmpty   queue.o
    0x0000de3a   0x0000de3a   0x0000001e   Code   RO         3258    i.prvIsQueueFull    queue.o
    0x0000de58   0x0000de58   0x000000a0   Code   RO         3259    i.prvNotifyQueueSetContainer  queue.o
    0x0000def8   0x0000def8   0x0000007c   Code   RO         3853    i.prvProcessExpiredTimer  timers.o
    0x0000df74   0x0000df74   0x00000128   Code   RO         3854    i.prvProcessReceivedCommands  timers.o
    0x0000e09c   0x0000e09c   0x00000074   Code   RO         3855    i.prvProcessTimerOrBlockTask  timers.o
    0x0000e110   0x0000e110   0x00000034   Code   RO         3497    i.prvResetNextTaskUnblockTime  tasks.o
    0x0000e144   0x0000e144   0x0000002c   Code   RO         3856    i.prvSampleTimeNow  timers.o
    0x0000e170   0x0000e170   0x000000b8   Code   RO         3857    i.prvSwitchTimerLists  timers.o
    0x0000e228   0x0000e228   0x00000070   Code   RO         3980    i.prvTaskExitError  port.o
    0x0000e298   0x0000e298   0x0000001a   Code   RO         3858    i.prvTimerTask      timers.o
    0x0000e2b2   0x0000e2b2   0x00000092   Code   RO         3260    i.prvUnlockQueue    queue.o
    0x0000e344   0x0000e344   0x00000150   Code   RO         4058    i.pvPortMalloc      heap_4.o
    0x0000e494   0x0000e494   0x00000020   Code   RO         3501    i.pvTaskIncrementMutexHeldCount  tasks.o
    0x0000e4b4   0x0000e4b4   0x0000002c   Code   RO         3981    i.pxPortInitialiseStack  port.o
    0x0000e4e0   0x0000e4e0   0x000001bc   Code   RO          878    i.spl0601_get_calib_param  drv_spl06.o
    0x0000e69c   0x0000e69c   0x00000138   Code   RO          883    i.spl0601_rateset   drv_spl06.o
    0x0000e7d4   0x0000e7d4   0x00000024   Code   RO          884    i.spl0601_read      drv_spl06.o
    0x0000e7f8   0x0000e7f8   0x00000010   Code   RO          885    i.spl0601_start_continuous  drv_spl06.o
    0x0000e808   0x0000e808   0x00000020   Code   RO          888    i.spl0601_write     drv_spl06.o
    0x0000e828   0x0000e828   0x00000030   Code   RO          889    i.spl06_enable      drv_spl06.o
    0x0000e858   0x0000e858   0x0000017c   Code   RO         1788    i.stick_function    ano_rc.o
    0x0000e9d4   0x0000e9d4   0x00000042   Code   RO         1789    i.stick_function_check  ano_rc.o
    0x0000ea16   0x0000ea16   0x00000026   Code   RO         1790    i.stick_function_check_longpress  ano_rc.o
    0x0000ea3c   0x0000ea3c   0x00000026   Code   RO         1290    i.temperature_loop  main.o
    0x0000ea62   0x0000ea62   0x00000002   PAD
    0x0000ea64   0x0000ea64   0x00000048   Code   RO         7410    i.uDMAChannelAttributeDisable  driverlib.lib(udma.o)
    0x0000eaac   0x0000eaac   0x00000020   Code   RO         7413    i.uDMAChannelControlSet  driverlib.lib(udma.o)
    0x0000eacc   0x0000eacc   0x00000014   Code   RO         7414    i.uDMAChannelDisable  driverlib.lib(udma.o)
    0x0000eae0   0x0000eae0   0x00000014   Code   RO         7415    i.uDMAChannelEnable  driverlib.lib(udma.o)
    0x0000eaf4   0x0000eaf4   0x00000028   Code   RO         7417    i.uDMAChannelModeGet  driverlib.lib(udma.o)
    0x0000eb1c   0x0000eb1c   0x00000080   Code   RO         7423    i.uDMAChannelTransferSet  driverlib.lib(udma.o)
    0x0000eb9c   0x0000eb9c   0x00000068   Code   RO         7164    i.uDMAUSBArbSizeSet  usblib.lib(usbdma.o)
    0x0000ec04   0x0000ec04   0x000000c0   Code   RO         7165    i.uDMAUSBChannelAllocate  usblib.lib(usbdma.o)
    0x0000ecc4   0x0000ecc4   0x00000058   Code   RO         7166    i.uDMAUSBChannelDisable  usblib.lib(usbdma.o)
    0x0000ed1c   0x0000ed1c   0x0000006a   Code   RO         7167    i.uDMAUSBChannelEnable  usblib.lib(usbdma.o)
    0x0000ed86   0x0000ed86   0x00000002   Code   RO         7168    i.uDMAUSBChannelIntDisable  usblib.lib(usbdma.o)
    0x0000ed88   0x0000ed88   0x00000002   Code   RO         7169    i.uDMAUSBChannelIntEnable  usblib.lib(usbdma.o)
    0x0000ed8a   0x0000ed8a   0x0000005a   Code   RO         7170    i.uDMAUSBChannelRelease  usblib.lib(usbdma.o)
    0x0000ede4   0x0000ede4   0x00000026   Code   RO         7171    i.uDMAUSBChannelStatus  usblib.lib(usbdma.o)
    0x0000ee0a   0x0000ee0a   0x00000034   Code   RO         7172    i.uDMAUSBIntStatus  usblib.lib(usbdma.o)
    0x0000ee3e   0x0000ee3e   0x000000c8   Code   RO         7173    i.uDMAUSBTransfer   usblib.lib(usbdma.o)
    0x0000ef06   0x0000ef06   0x00000054   Code   RO         7174    i.uDMAUSBUnitSizeSet  usblib.lib(usbdma.o)
    0x0000ef5a   0x0000ef5a   0x00000002   PAD
    0x0000ef5c   0x0000ef5c   0x00000280   Code   RO         1791    i.unlock            ano_rc.o
    0x0000f1dc   0x0000f1dc   0x00000028   Code   RO         3216    i.uxListRemove      list.o
    0x0000f204   0x0000f204   0x0000001a   Code   RO         3217    i.vListInitialise   list.o
    0x0000f21e   0x0000f21e   0x00000006   Code   RO         3218    i.vListInitialiseItem  list.o
    0x0000f224   0x0000f224   0x00000034   Code   RO         3219    i.vListInsert       list.o
    0x0000f258   0x0000f258   0x00000018   Code   RO         3220    i.vListInsertEnd    list.o
    0x0000f270   0x0000f270   0x00000084   Code   RO         3983    i.vPortEnterCritical  port.o
    0x0000f2f4   0x0000f2f4   0x0000006c   Code   RO         3984    i.vPortExitCritical  port.o
    0x0000f360   0x0000f360   0x000000b4   Code   RO         4059    i.vPortFree         heap_4.o
    0x0000f414   0x0000f414   0x00000014   Code   RO         3985    i.vPortSetupTimerInterrupt  port.o
    0x0000f428   0x0000f428   0x0000009c   Code   RO         3986    i.vPortValidateInterruptPriority  port.o
    0x0000f4c4   0x0000f4c4   0x0000002c   Code   RO         3266    i.vQueueAddToRegistry  queue.o
    0x0000f4f0   0x0000f4f0   0x0000004a   Code   RO         3270    i.vQueueWaitForMessageRestricted  queue.o
    0x0000f53a   0x0000f53a   0x00000002   PAD
    0x0000f53c   0x0000f53c   0x000000dc   Code   RO         3510    i.vTaskDelayUntil   tasks.o
    0x0000f618   0x0000f618   0x0000000c   Code   RO         3515    i.vTaskMissedYield  tasks.o
    0x0000f624   0x0000f624   0x00000054   Code   RO         3517    i.vTaskPlaceOnEventList  tasks.o
    0x0000f678   0x0000f678   0x0000005c   Code   RO         3518    i.vTaskPlaceOnEventListRestricted  tasks.o
    0x0000f6d4   0x0000f6d4   0x000000b0   Code   RO         3520    i.vTaskPriorityInherit  tasks.o
    0x0000f784   0x0000f784   0x0000004c   Code   RO         3524    i.vTaskSetTimeOutState  tasks.o
    0x0000f7d0   0x0000f7d0   0x000000ac   Code   RO         3525    i.vTaskStartScheduler  tasks.o
    0x0000f87c   0x0000f87c   0x00000010   Code   RO         3527    i.vTaskSuspendAll   tasks.o
    0x0000f88c   0x0000f88c   0x000000a8   Code   RO         3528    i.vTaskSwitchContext  tasks.o
    0x0000f934   0x0000f934   0x0000001a   Code   RO         2303    i.vec_2_cross_product  ano_math.o
    0x0000f94e   0x0000f94e   0x0000001a   Code   RO         2304    i.vec_2_dot_product  ano_math.o
    0x0000f968   0x0000f968   0x0000003e   Code   RO         2454    i.w2h_2d_trans      ano_imu.o
    0x0000f9a6   0x0000f9a6   0x00000002   PAD
    0x0000f9a8   0x0000f9a8   0x0000000c   Code   RO         4061    i.xPortGetFreeHeapSize  heap_4.o
    0x0000f9b4   0x0000f9b4   0x00000158   Code   RO         3987    i.xPortStartScheduler  port.o
    0x0000fb0c   0x0000fb0c   0x00000034   Code   RO         3988    i.xPortSysTickHandler  port.o
    0x0000fb40   0x0000fb40   0x00000074   Code   RO         3275    i.xQueueGenericCreate  queue.o
    0x0000fbb4   0x0000fbb4   0x000001c8   Code   RO         3276    i.xQueueGenericReceive  queue.o
    0x0000fd7c   0x0000fd7c   0x000000b0   Code   RO         3277    i.xQueueGenericReset  queue.o
    0x0000fe2c   0x0000fe2c   0x000001c4   Code   RO         3278    i.xQueueGenericSend  queue.o
    0x0000fff0   0x0000fff0   0x00000110   Code   RO         3279    i.xQueueGenericSendFromISR  queue.o
    0x00010100   0x00010100   0x000000a0   Code   RO         3529    i.xTaskCheckForTimeOut  tasks.o
    0x000101a0   0x000101a0   0x00000060   Code   RO         3530    i.xTaskCreate       tasks.o
    0x00010200   0x00010200   0x00000020   Code   RO         3534    i.xTaskGetSchedulerState  tasks.o
    0x00010220   0x00010220   0x0000000c   Code   RO         3535    i.xTaskGetTickCount  tasks.o
    0x0001022c   0x0001022c   0x00000160   Code   RO         3537    i.xTaskIncrementTick  tasks.o
    0x0001038c   0x0001038c   0x000000d8   Code   RO         3540    i.xTaskPriorityDisinherit  tasks.o
    0x00010464   0x00010464   0x000000b4   Code   RO         3541    i.xTaskRemoveFromEventList  tasks.o
    0x00010518   0x00010518   0x00000120   Code   RO         3543    i.xTaskResumeAll    tasks.o
    0x00010638   0x00010638   0x00000070   Code   RO         3862    i.xTimerCreateTimerTask  timers.o
    0x000106a8   0x000106a8   0x000000a0   Code   RO         3863    i.xTimerGenericCommand  timers.o
    0x00010748   0x00010748   0x000000d8   Data   RO           11    .constdata          usb_serial_structs.o
    0x00010820   0x00010820   0x00000404   Data   RO         2307    .constdata          ano_math.o
    0x00010c24   0x00010c24   0x00000254   Data   RO         4439    .constdata          driverlib.lib(sysctl.o)
    0x00010e78   0x00010e78   0x000000a0   Data   RO         4775    .constdata          driverlib.lib(timer.o)
    0x00010f18   0x00010f18   0x00000080   Data   RO         5026    .constdata          driverlib.lib(uart.o)
    0x00010f98   0x00010f98   0x00000008   Data   RO         6018    .constdata          usblib.lib(usbdcdc.o)
    0x00010fa0   0x00010fa0   0x00000008   Data   RO         6019    .constdata          usblib.lib(usbdcdc.o)
    0x00010fa8   0x00010fa8   0x00000023   Data   RO         6020    .constdata          usblib.lib(usbdcdc.o)
    0x00010fcb   0x00010fcb   0x00000001   PAD
    0x00010fcc   0x00010fcc   0x00000008   Data   RO         6021    .constdata          usblib.lib(usbdcdc.o)
    0x00010fd4   0x00010fd4   0x00000017   Data   RO         6022    .constdata          usblib.lib(usbdcdc.o)
    0x00010feb   0x00010feb   0x00000001   PAD
    0x00010fec   0x00010fec   0x00000008   Data   RO         6023    .constdata          usblib.lib(usbdcdc.o)
    0x00010ff4   0x00010ff4   0x00000017   Data   RO         6024    .constdata          usblib.lib(usbdcdc.o)
    0x0001100b   0x0001100b   0x00000001   PAD
    0x0001100c   0x0001100c   0x00000008   Data   RO         6025    .constdata          usblib.lib(usbdcdc.o)
    0x00011014   0x00011014   0x00000008   Data   RO         6026    .constdata          usblib.lib(usbdcdc.o)
    0x0001101c   0x0001101c   0x00000008   Data   RO         6027    .constdata          usblib.lib(usbdcdc.o)
    0x00011024   0x00011024   0x00000008   Data   RO         6028    .constdata          usblib.lib(usbdcdc.o)
    0x0001102c   0x0001102c   0x00000008   Data   RO         6029    .constdata          usblib.lib(usbdcdc.o)
    0x00011034   0x00011034   0x00000040   Data   RO         6030    .constdata          usblib.lib(usbdcdc.o)
    0x00011074   0x00011074   0x0000010c   Data   RO         6339    .constdata          driverlib.lib(interrupt.o)
    0x00011180   0x00011180   0x00000034   Data   RO         6463    .constdata          usblib.lib(usbdenum.o)
    0x000111b4   0x000111b4   0x00000020   Data   RO         7902    Region$$Table       anon$$obj.o


    Execution Region ER_RW (Exec base: 0x20000000, Load base: 0x000111d4, Size: 0x00000a6c, Max: 0xffffffff, ABSOLUTE, COMPRESSED[0x0000017c])

    Exec Addr    Load Addr    Size         Type   Attr      Idx    E Section Name        Object

    0x20000000   COMPRESSED   0x000000d0   Data   RW           12    .data               usb_serial_structs.o
    0x200000d0   COMPRESSED   0x00000001   Data   RW           64    .data               drv_bsp.o
    0x200000d1   COMPRESSED   0x00000003   PAD
    0x200000d4   COMPRESSED   0x00000004   Data   RW          266    .data               drv_adc.o
    0x200000d8   COMPRESSED   0x00000012   Data   RW          396    .data               drv_rcin.o
    0x200000ea   COMPRESSED   0x0000000b   Data   RW          557    .data               drv_uart.o
    0x200000f5   COMPRESSED   0x00000001   Data   RW          758    .data               drv_icm20602.o
    0x200000f6   COMPRESSED   0x00000006   Data   RW          829    .data               drv_ak8975.o
    0x200000fc   COMPRESSED   0x00000020   Data   RW          891    .data               drv_spl06.o
    0x2000011c   COMPRESSED   0x00000013   Data   RW          990    .data               drv_heating.o
    0x2000012f   COMPRESSED   0x00000001   PAD
    0x20000130   COMPRESSED   0x0000001b   Data   RW         1035    .data               drv_laser.o
    0x2000014b   COMPRESSED   0x00000001   PAD
    0x2000014c   COMPRESSED   0x00000052   Data   RW         1090    .data               ano_of.o
    0x2000019e   COMPRESSED   0x00000002   PAD
    0x200001a0   COMPRESSED   0x00000008   Data   RW         1131    .data               ano_uwb.o
    0x200001a8   COMPRESSED   0x00000094   Data   RW         1185    .data               nlink_linktrack_tagframe0.o
    0x2000023c   COMPRESSED   0x00000004   Data   RW         1250    .data               drv_up_flow.o
    0x20000240   COMPRESSED   0x00000004   Data   RW         1465    .data               ano_parameter.o
    0x20000244   COMPRESSED   0x000000c9   Data   RW         1536    .data               ano_flyctrl.o
    0x2000030d   COMPRESSED   0x00000001   PAD
    0x2000030e   COMPRESSED   0x00000022   Data   RW         1615    .data               ano_dt.o
    0x20000330   COMPRESSED   0x00000021   Data   RW         1793    .data               ano_rc.o
    0x20000351   COMPRESSED   0x00000003   PAD
    0x20000354   COMPRESSED   0x00000027   Data   RW         1877    .data               ano_led.o
    0x2000037b   COMPRESSED   0x00000001   PAD
    0x2000037c   COMPRESSED   0x00000011   Data   RW         1934    .data               ano_usb.o
    0x2000038d   COMPRESSED   0x00000003   PAD
    0x20000390   COMPRESSED   0x00000030   Data   RW         2070    .data               ano_of_decofusion.o
    0x200003c0   COMPRESSED   0x00000008   Data   RW         2135    .data               ano_fcdata.o
    0x200003c8   COMPRESSED   0x00000154   Data   RW         2456    .data               ano_imu.o
    0x2000051c   COMPRESSED   0x00000049   Data   RW         2512    .data               ano_sensor_basic.o
    0x20000565   COMPRESSED   0x00000003   PAD
    0x20000568   COMPRESSED   0x00000019   Data   RW         2574    .data               ano_motioncal.o
    0x20000581   COMPRESSED   0x00000003   PAD
    0x20000584   COMPRESSED   0x0000000e   Data   RW         2659    .data               ano_altctrl.o
    0x20000592   COMPRESSED   0x00000002   PAD
    0x20000594   COMPRESSED   0x00000010   Data   RW         2742    .data               ano_attctrl.o
    0x200005a4   COMPRESSED   0x0000002c   Data   RW         2814    .data               ano_flightctrl.o
    0x200005d0   COMPRESSED   0x0000003c   Data   RW         2894    .data               ano_flightdatacal.o
    0x2000060c   COMPRESSED   0x0000002c   Data   RW         2952    .data               ano_locctrl.o
    0x20000638   COMPRESSED   0x00000020   Data   RW         2990    .data               ano_magprocess.o
    0x20000658   COMPRESSED   0x00000014   Data   RW         3033    .data               ano_motorctrl.o
    0x2000066c   COMPRESSED   0x0000000c   Data   RW         3067    .data               ano_power.o
    0x20000678   COMPRESSED   0x0000003c   Data   RW         3546    .data               tasks.o
    0x200006b4   COMPRESSED   0x00000014   Data   RW         3871    .data               timers.o
    0x200006c8   COMPRESSED   0x0000000c   Data   RW         3989    .data               port.o
    0x200006d4   COMPRESSED   0x00000018   Data   RW         4064    .data               heap_4.o
    0x200006ec   COMPRESSED   0x0000001d   Data   RW         6031    .data               usblib.lib(usbdcdc.o)
    0x20000709   COMPRESSED   0x00000008   Data   RW         6032    .data               usblib.lib(usbdcdc.o)
    0x20000711   COMPRESSED   0x00000003   PAD
    0x20000714   COMPRESSED   0x0000000c   Data   RW         6033    .data               usblib.lib(usbdcdc.o)
    0x20000720   COMPRESSED   0x0000000c   Data   RW         6034    .data               usblib.lib(usbdcdc.o)
    0x2000072c   COMPRESSED   0x00000010   Data   RW         6035    .data               usblib.lib(usbdcdc.o)
    0x2000073c   COMPRESSED   0x00000010   Data   RW         6036    .data               usblib.lib(usbdcdc.o)
    0x2000074c   COMPRESSED   0x00000010   Data   RW         6219    .data               usblib.lib(usbmode.o)
    0x2000075c   COMPRESSED   0x00000010   Data   RW         6464    .data               usblib.lib(usbdenum.o)
    0x2000076c   COMPRESSED   0x00000008   Data   RW         7015    .data               usblib.lib(usbtick.o)
    0x20000774   COMPRESSED   0x00000004   Data   RW         7016    .data               usblib.lib(usbtick.o)
    0x20000778   COMPRESSED   0x00000004   Data   RW         7882    .data               mc_w.l(stdout.o)
    0x2000077c   COMPRESSED   0x00000084   PAD
    0x20000800   COMPRESSED   0x0000026c   Data   RW         6340    vtable              driverlib.lib(interrupt.o)


    Execution Region ER_ZI (Exec base: 0x20000a6c, Load base: 0x00011350, Size: 0x0000730c, Max: 0xffffffff, ABSOLUTE)

    Exec Addr    Load Addr    Size         Type   Attr      Idx    E Section Name        Object

    0x20000a6c        -       0x00000200   Zero   RW           10    .bss                usb_serial_structs.o
    0x20000c6c        -       0x00000059   Zero   RW          395    .bss                drv_rcin.o
    0x20000cc5   0x00011350   0x00000003   PAD
    0x20000cc8        -       0x00000794   Zero   RW          556    .bss                drv_uart.o
    0x2000145c        -       0x0000000e   Zero   RW          757    .bss                drv_icm20602.o
    0x2000146a   0x00011350   0x00000002   PAD
    0x2000146c        -       0x0000002c   Zero   RW          890    .bss                drv_spl06.o
    0x20001498        -       0x0000000c   Zero   RW          989    .bss                drv_heating.o
    0x200014a4        -       0x00000032   Zero   RW         1089    .bss                ano_of.o
    0x200014d6        -       0x00000280   Zero   RW         1130    .bss                ano_uwb.o
    0x20001756        -       0x00000080   Zero   RW         1184    .bss                nlink_linktrack_tagframe0.o
    0x200017d6        -       0x0000001c   Zero   RW         1248    .bss                drv_up_flow.o
    0x200017f2        -       0x00000800   Zero   RW         1464    .bss                ano_parameter.o
    0x20001ff2   0x00011350   0x00000002   PAD
    0x20001ff4        -       0x00000054   Zero   RW         1535    .bss                ano_flyctrl.o
    0x20002048        -       0x00000304   Zero   RW         1614    .bss                ano_dt.o
    0x2000234c        -       0x00000024   Zero   RW         1792    .bss                ano_rc.o
    0x20002370        -       0x0000000f   Zero   RW         1876    .bss                ano_led.o
    0x2000237f   0x00011350   0x00000001   PAD
    0x20002380        -       0x00000020   Zero   RW         2022    .bss                ano_programctrl_user.o
    0x200023a0        -       0x00000054   Zero   RW         2069    .bss                ano_of_decofusion.o
    0x200023f4        -       0x00000079   Zero   RW         2134    .bss                ano_fcdata.o
    0x2000246d   0x00011350   0x00000003   PAD
    0x20002470        -       0x00000054   Zero   RW         2455    .bss                ano_imu.o
    0x200024c4        -       0x00000174   Zero   RW         2511    .bss                ano_sensor_basic.o
    0x20002638        -       0x0000004c   Zero   RW         2573    .bss                ano_motioncal.o
    0x20002684        -       0x00000080   Zero   RW         2658    .bss                ano_altctrl.o
    0x20002704        -       0x000001e8   Zero   RW         2741    .bss                ano_attctrl.o
    0x200028ec        -       0x00000034   Zero   RW         2813    .bss                ano_flightctrl.o
    0x20002920        -       0x00000148   Zero   RW         2951    .bss                ano_locctrl.o
    0x20002a68        -       0x00000010   Zero   RW         3032    .bss                ano_motorctrl.o
    0x20002a78        -       0x00000040   Zero   RW         3290    .bss                queue.o
    0x20002ab8        -       0x000000c8   Zero   RW         3545    .bss                tasks.o
    0x20002b80        -       0x00000028   Zero   RW         3870    .bss                timers.o
    0x20002ba8        -       0x00003000   Zero   RW         4063    .bss                heap_4.o
    0x20005ba8        -       0x00000090   Zero   RW         6462    .bss                usblib.lib(usbdenum.o)
    0x20005c38        -       0x00000030   Zero   RW         7014    .bss                usblib.lib(usbtick.o)
    0x20005c68        -       0x00000110   Zero   RW         7175    .bss                usblib.lib(usbdma.o)
    0x20005d78        -       0x00002000   Zero   RW            1    STACK               startup_tm4c123.o


==============================================================================

Image component sizes


      Code (inc. data)   RO Data    RW Data    ZI Data      Debug   Object Name

      1580        202          0         14        128       3556   ano_altctrl.o
      2532        218          0         16        488       6135   ano_attctrl.o
      7976        318          0         34        772      21533   ano_dt.o
        40         10          0          8        121       3438   ano_fcdata.o
       266          0          0          0          0       2772   ano_filter.o
      2180        306          0         44         52       8016   ano_flightctrl.o
       788        150          0         60          0       3885   ano_flightdatacal.o
       676        148          0        201         84       7029   ano_flyctrl.o
      2984        182          0        340         84       6831   ano_imu.o
      1460         84          0         39         15       4952   ano_led.o
      2016        172          0         44        328       3288   ano_locctrl.o
      1268        108          0         32          0       4043   ano_magprocess.o
       756         38       1028          0          0       5842   ano_math.o
       524         80          0         25         76       2437   ano_motioncal.o
       560         32          0         20         16       2139   ano_motorctrl.o
       732        102          0         82         50       3787   ano_of.o
       628         54          0         48         84       4773   ano_of_decofusion.o
      1112        140          0          4       2048       5186   ano_parameter.o
       288          4          0          0          0       1784   ano_pid.o
       476         60          0         12          0        978   ano_power.o
        48          6          0          0         32       1378   ano_programctrl_user.o
      2060        322          0         33         36       8674   ano_rc.o
      2084        180          0         73        372       6995   ano_sensor_basic.o
       424         62          0         17          0      17522   ano_usb.o
        76         18          0          8        640       1644   ano_uwb.o
       356         58          0          4          0       1700   drv_adc.o
       144         14          0          6          0       1552   drv_ak8975.o
       410         46          0          1          0      68379   drv_bsp.o
       736        166          0         19         12       2311   drv_heating.o
       660         30          0          1         14       4655   drv_icm20602.o
         0          0          0         27          0       1995   drv_laser.o
       324         22          0          0          0       1085   drv_led.o
        88         18          0          0          0       1389   drv_paramter.o
      1004         76          0          0          0       1945   drv_pwmout.o
      1208        108          0         18         89       4399   drv_rcin.o
       246         24          0          0          0       1954   drv_spi.o
      1032         38          0         32         44       6407   drv_spl06.o
      1592        214          0         11       1940       9319   drv_uart.o
         0          0          0          4         28       1332   drv_up_flow.o
         0          0          0          0          0      11652   event_groups.o
       756        174          0         24      12288       4262   heap_4.o
       148          0          0          0          0       3010   list.o
       642        180          0          0          0       7148   main.o
       568         10          0        148        128       4966   nlink_linktrack_tagframe0.o
        72          0          0          0          0       1678   nlink_utils.o
      1150        376          0         12          0      10581   port.o
      2164        238          0          0         64      15213   queue.o
       302          0          0          0          0       4875   ring_buffer.o
       244          6        620          0       8192       5412   startup_tm4c123.o
      3242        808          0         60        200      27998   tasks.o
      1290        294          0         20         40       8363   timers.o
         0          0        216        208        512      30866   usb_serial_structs.o

    ----------------------------------------------------------------------
     51934       5896       1896       1772      28988     383063   Object Totals
         0          0         32          0          0          0   (incl. Generated)
        22          0          0         23         11          0   (incl. Padding)

    ----------------------------------------------------------------------

      Code (inc. data)   RO Data    RW Data    ZI Data      Debug   Library Member Name

       104         12          0          0          0       4777   adc.o
        38          0          0          0          0        572   cpu.o
       376         32        268        620          0       4387   interrupt.o
       456         48        596          0          0       4199   sysctl.o
       104         16        160          0          0       1767   timer.o
        88         18        128          0          0       1795   uart.o
       312         32          0          0          0       3961   udma.o
      1456         20          0          0          0      41796   usb.o
        86          0          0          0          0          0   __dczerorl2.o
         0          0          0          0          0          0   entry.o
         0          0          0          0          0          0   entry10a.o
         0          0          0          0          0          0   entry11a.o
         4          0          0          0          0          0   entry12b.o
         8          4          0          0          0          0   entry2.o
         4          0          0          0          0          0   entry5.o
         0          0          0          0          0          0   entry7b.o
         0          0          0          0          0          0   entry8b.o
         8          4          0          0          0          0   entry9a.o
        30          0          0          0          0          0   handlers.o
        36          8          0          0          0         68   init.o
         0          0          0          0          0          0   iusefp.o
        30          0          0          0          0         68   llshl.o
        32          0          0          0          0         68   llushr.o
        36          0          0          0          0         68   memcpya.o
        36          0          0          0          0        108   memseta.o
       472         14          0          0          0        184   printf3.o
         0          0          0          4          0          0   stdout.o
        44          0          0          0          0         80   uidiv.o
        56          0          0          0          0         88   d2f.o
       222          0          0          0          0        100   ddiv.o
       186          0          0          0          0        176   depilogue.o
        34          0          0          0          0         76   dflti.o
        26          0          0          0          0         76   dfltui.o
       228          0          0          0          0         96   dmul.o
       110          0          0          0          0        168   fepilogue.o
       628          0          0          0          0      18924   usbbuffer.o
      2270         70        217         93          0      33677   usbdcdc.o
       456          0          0          0          0       4863   usbdcdesc.o
       616         12          0          0          0       3605   usbdconfig.o
      3336        270         52         16        144      20401   usbdenum.o
       100          0          0          0          0       2033   usbdesc.o
        24          4          0          0          0        551   usbdhandler.o
      2042        124          0          0        272      16032   usbdma.o
        28          4          0         16          0       1994   usbmode.o
       442          0          0          0          0      17166   usbringbuf.o
       164         28          0         12         48      16276   usbtick.o
        90          0          0          0          0        592   usbulpi.o

    ----------------------------------------------------------------------
     14846        720       1424        896        464     200792   Library Totals
        28          0          3        135          0          0   (incl. Padding)

    ----------------------------------------------------------------------

      Code (inc. data)   RO Data    RW Data    ZI Data      Debug   Library Name

      2934        178       1152        620          0      63254   driverlib.lib
       826         30          0          4          0        644   mc_w.l
       862          0          0          0          0        780   mf_w.l
     10196        512        269        137        464     136114   usblib.lib

    ----------------------------------------------------------------------
     14846        720       1424        896        464     200792   Library Totals

    ----------------------------------------------------------------------

==============================================================================


      Code (inc. data)   RO Data    RW Data    ZI Data      Debug   

     66780       6616       3320       2668      29452     542763   Grand Totals
     66780       6616       3320        380      29452     542763   ELF Image Totals (compressed)
     66780       6616       3320        380          0          0   ROM Totals

==============================================================================

    Total RO  Size (Code + RO Data)                70100 (  68.46kB)
    Total RW  Size (RW Data + ZI Data)             32120 (  31.37kB)
    Total ROM Size (Code + RO Data + RW Data)      70480 (  68.83kB)

==============================================================================

